09:37:54 [INFO] 加载基因型矩阵...
09:37:56 [INFO]   矩阵: 88345 样本 × 12622 SNP位点
09:37:56 [INFO]   complete: 12618 个有效列
09:37:56 [INFO]   synonymous: 1842 个有效列
09:37:56 [INFO]   hvsi_full: 311 个有效列
09:37:56 [INFO]   hvsi_trans: 235 个有效列
09:37:56 [INFO]   hvsii: 170 个有效列
09:37:56 [INFO]   control: 959 个有效列
09:37:56 [INFO]   单倍群后代映射: 6234 个节点

计算ρ dating:   0%|          | 0/6234 [00:00<?, ?it/s]
计算ρ dating:   0%|          | 1/6234 [00:00<48:51,  2.13it/s]
计算ρ dating:   1%|▏         | 79/6234 [00:00<00:33, 183.24it/s]
计算ρ dating:   3%|▎         | 196/6234 [00:01<00:26, 228.47it/s]
计算ρ dating:   4%|▎         | 233/6234 [00:01<00:33, 180.51it/s]
计算ρ dating:   4%|▍         | 267/6234 [00:02<01:30, 66.13it/s] 
计算ρ dating:   5%|▍         | 285/6234 [00:04<02:48, 35.25it/s]
计算ρ dating:   6%|▋         | 390/6234 [00:04<01:17, 75.22it/s]
计算ρ dating:   7%|▋         | 423/6234 [00:05<01:08, 85.29it/s]
计算ρ dating:   7%|▋         | 452/6234 [00:05<01:00, 95.94it/s]
计算ρ dating:   8%|▊         | 498/6234 [00:05<00:45, 127.28it/s]
计算ρ dating:   9%|▊         | 530/6234 [00:05<00:55, 103.09it/s]
计算ρ dating:   9%|▉         | 581/6234 [00:06<00:50, 111.99it/s]
计算ρ dating:  10%|█         | 645/6234 [00:06<00:34, 160.73it/s]
计算ρ dating:  11%|█▏        | 709/6234 [00:06<00:25, 218.82it/s]
计算ρ dating:  12%|█▏        | 751/6234 [00:07<00:39, 139.44it/s]
计算ρ dating:  13%|█▎        | 782/6234 [00:08<01:27, 62.28it/s] 
计算ρ dating:  13%|█▎        | 809/6234 [00:09<01:56, 46.60it/s]
计算ρ dating:  14%|█▎        | 851/6234 [00:09<01:25, 62.70it/s]
计算ρ dating:  14%|█▍        | 880/6234 [00:10<01:10, 76.12it/s]
计算ρ dating:  15%|█▍        | 923/6234 [00:10<00:50, 104.49it/s]
计算ρ dating:  16%|█▌        | 976/6234 [00:10<00:35, 148.59it/s]
计算ρ dating:  17%|█▋        | 1052/6234 [00:10<00:22, 225.53it/s]
计算ρ dating:  18%|█▊        | 1099/6234 [00:10<00:25, 198.45it/s]
计算ρ dating:  18%|█▊        | 1136/6234 [00:11<00:36, 141.41it/s]
计算ρ dating:  19%|█▉        | 1175/6234 [00:11<00:39, 128.06it/s]
计算ρ dating:  19%|█▉        | 1209/6234 [00:12<01:12, 69.57it/s] 
计算ρ dating:  20%|█▉        | 1226/6234 [00:14<02:17, 36.47it/s]
计算ρ dating:  21%|██        | 1288/6234 [00:14<01:19, 61.98it/s]
计算ρ dating:  21%|██▏       | 1327/6234 [00:14<01:01, 79.80it/s]
计算ρ dating:  22%|██▏       | 1365/6234 [00:14<00:47, 101.96it/s]
计算ρ dating:  22%|██▏       | 1401/6234 [00:15<00:47, 102.12it/s]
计算ρ dating:  23%|██▎       | 1429/6234 [00:15<00:41, 116.59it/s]
计算ρ dating:  24%|██▎       | 1469/6234 [00:15<00:31, 151.32it/s]
计算ρ dating:  24%|██▍       | 1508/6234 [00:15<00:38, 123.83it/s]
计算ρ dating:  26%|██▌       | 1621/6234 [00:15<00:18, 248.13it/s]
计算ρ dating:  29%|██▉       | 1793/6234 [00:16<00:09, 468.78it/s]
计算ρ dating:  31%|███▏      | 1963/6234 [00:16<00:06, 685.60it/s]
计算ρ dating:  34%|███▍      | 2129/6234 [00:16<00:04, 880.98it/s]
计算ρ dating:  37%|███▋      | 2287/6234 [00:16<00:03, 1035.65it/s]
计算ρ dating:  39%|███▉      | 2461/6234 [00:16<00:03, 1205.18it/s]
计算ρ dating:  42%|████▏     | 2609/6234 [00:17<00:06, 545.01it/s] 
计算ρ dating:  44%|████▎     | 2720/6234 [00:17<00:05, 587.12it/s]
计算ρ dating:  46%|████▌     | 2863/6234 [00:17<00:04, 714.42it/s]
计算ρ dating:  48%|████▊     | 2976/6234 [00:17<00:05, 598.73it/s]
计算ρ dating:  50%|█████     | 3122/6234 [00:17<00:04, 731.48it/s]
计算ρ dating:  52%|█████▏    | 3227/6234 [00:17<00:03, 767.97it/s]
计算ρ dating:  53%|█████▎    | 3328/6234 [00:29<01:25, 33.88it/s] 
计算ρ dating:  54%|█████▍    | 3394/6234 [00:40<02:41, 17.56it/s]
计算ρ dating:  54%|█████▍    | 3395/6234 [00:50<04:42, 10.04it/s]
计算ρ dating:  55%|█████▍    | 3417/6234 [00:50<04:09, 11.27it/s]
计算ρ dating:  57%|█████▋    | 3532/6234 [01:01<04:04, 11.04it/s]
计算ρ dating:  57%|█████▋    | 3532/6234 [01:19<04:04, 11.04it/s]
计算ρ dating:  57%|█████▋    | 3534/6234 [01:23<09:39,  4.66it/s]
计算ρ dating:  58%|█████▊    | 3593/6234 [01:23<06:24,  6.86it/s]
计算ρ dating:  59%|█████▉    | 3677/6234 [01:23<03:45, 11.32it/s]
计算ρ dating:  61%|██████    | 3785/6234 [01:28<02:51, 14.26it/s]
计算ρ dating:  62%|██████▏   | 3839/6234 [01:29<02:13, 17.95it/s]
计算ρ dating:  64%|██████▎   | 3963/6234 [01:29<01:12, 31.23it/s]
计算ρ dating:  65%|██████▌   | 4069/6234 [01:29<00:46, 46.96it/s]
计算ρ dating:  67%|██████▋   | 4194/6234 [01:29<00:28, 72.62it/s]
计算ρ dating:  70%|██████▉   | 4334/6234 [01:29<00:16, 111.91it/s]
计算ρ dating:  71%|███████   | 4439/6234 [01:30<00:15, 118.99it/s]
计算ρ dating:  72%|███████▏  | 4517/6234 [01:32<00:21, 81.74it/s] 
计算ρ dating:  73%|███████▎  | 4573/6234 [01:34<00:29, 55.72it/s]
计算ρ dating:  74%|███████▍  | 4613/6234 [01:34<00:26, 60.56it/s]
计算ρ dating:  75%|███████▍  | 4659/6234 [01:40<01:01, 25.76it/s]
计算ρ dating:  76%|███████▌  | 4733/6234 [01:40<00:39, 37.68it/s]
计算ρ dating:  77%|███████▋  | 4771/6234 [01:41<00:38, 37.56it/s]
计算ρ dating:  78%|███████▊  | 4862/6234 [01:41<00:22, 60.52it/s]
计算ρ dating:  79%|███████▉  | 4920/6234 [01:46<00:42, 31.08it/s]
计算ρ dating:  79%|███████▉  | 4951/6234 [01:46<00:37, 34.07it/s]
计算ρ dating:  80%|████████  | 4998/6234 [01:46<00:27, 44.28it/s]
计算ρ dating:  82%|████████▏ | 5117/6234 [01:48<00:18, 59.15it/s]
计算ρ dating:  83%|████████▎ | 5147/6234 [01:49<00:22, 47.54it/s]
计算ρ dating:  84%|████████▎ | 5213/6234 [01:49<00:15, 67.69it/s]
计算ρ dating:  86%|████████▌ | 5348/6234 [01:49<00:07, 125.31it/s]
计算ρ dating:  87%|████████▋ | 5409/6234 [01:49<00:05, 138.67it/s]
计算ρ dating:  88%|████████▊ | 5458/6234 [01:50<00:04, 162.97it/s]
计算ρ dating:  90%|████████▉ | 5581/6234 [01:50<00:02, 261.65it/s]
计算ρ dating:  91%|█████████ | 5656/6234 [01:50<00:01, 318.63it/s]
计算ρ dating:  93%|█████████▎| 5793/6234 [01:50<00:00, 467.16it/s]
计算ρ dating:  95%|█████████▍| 5922/6234 [01:50<00:00, 605.85it/s]
计算ρ dating:  97%|█████████▋| 6024/6234 [01:50<00:00, 656.74it/s]
计算ρ dating:  99%|█████████▉| 6157/6234 [01:50<00:00, 797.82it/s]
计算ρ dating: 100%|██████████| 6234/6234 [02:01<00:00, 51.27it/s] 
09:39:57 [INFO] ρ dating结果 -> /mnt/f/OneDrive/文档（科研）/脚本/Download/10-mtDNA/12-单倍群年龄估计/output/stage_1/results/rho_dating.tsv (37404 行)
