2026-03-13 09:51:04,382 [INFO] Starting baseml-oriented phylogenetic split.
2026-03-13 09:51:04,383 [INFO] Input tree: /mnt/f/onedrive/文档（科研）/脚本/Download/18-phylogenetic/5-拆树PAML合树/data/big_rooted.tree
2026-03-13 09:51:04,383 [INFO] Output dir: /mnt/f/onedrive/文档（科研）/脚本/Download/18-phylogenetic/5-拆树PAML合树/output
2026-03-13 09:51:04,383 [INFO] max_tips=2000 min_baseml_tips=100 reserve_slots_for_outgroup=1
2026-03-13 09:51:04,800 [INFO] Original tree tips: 36031
2026-03-13 09:51:04,909 [INFO] Original tree internal nodes: 36030
2026-03-13 09:51:04,914 [INFO] Running command: conda run -n BigLin gotree stats -i '/mnt/f/onedrive/文档（科研）/脚本/Download/18-phylogenetic/5-拆树PAML合树/data/big_rooted.tree' -t 4
2026-03-13 09:51:06,417 [INFO] Command stdout:
tree	nodes	tips	edges	meanbrlen	sumbrlen	meansupport	mediansupport	rooted	nbcherries	colless	sackin
0	72061	36031	72060	0.00056717	40.87027000	NaN	NaN	rooted	11344	1274040	1626960
2026-03-13 09:51:06,418 [INFO] gotree stats summary: tree	nodes	tips	edges	meanbrlen	sumbrlen	meansupport	mediansupport	rooted	nbcherries	colless	sackin | 0	72061	36031	72060	0.00056717	40.87027000	NaN	NaN	rooted	11344	1274040	1626960
2026-03-13 09:51:06,418 [INFO] Input tree already rooted; using existing rooting.
2026-03-13 09:51:06,501 [INFO] Input tree is already rooted; copied directly to /mnt/f/onedrive/文档（科研）/脚本/Download/18-phylogenetic/5-拆树PAML合树/output/intermediate/rooted.tree
2026-03-13 09:51:06,990 [INFO] Effective core max tips: 1999
2026-03-13 09:51:07,465 [INFO] Selected core subtree count before merge: 88
2026-03-13 09:51:07,465 [INFO] Selected core subtree count after merge: 88
2026-03-13 09:51:07,761 [INFO] Core core_subtree_0001 NODE_000038 1468
2026-03-13 09:51:07,774 [INFO] Core core_subtree_0002 NODE_001505 847
2026-03-13 09:51:07,786 [INFO] Core core_subtree_0003 NODE_002351 321
2026-03-13 09:51:07,789 [INFO] Core core_subtree_0004 NODE_002671 10
2026-03-13 09:51:07,794 [INFO] Core core_subtree_0005 NODE_002680 10
2026-03-13 09:51:07,804 [INFO] Core core_subtree_0006 NODE_002689 56
2026-03-13 09:51:07,807 [INFO] Core core_subtree_0007 NODE_002744 5
2026-03-13 09:51:07,815 [INFO] Core core_subtree_0008 NODE_002748 3
2026-03-13 09:51:07,824 [INFO] Core core_subtree_0009 NODE_002750 485
2026-03-13 09:51:07,831 [INFO] Core core_subtree_0010 NODE_003234 34
2026-03-13 09:51:07,835 [INFO] Core core_subtree_0011 NODE_003267 94
2026-03-13 09:51:07,855 [INFO] Core core_subtree_0012 NODE_003362 1254
2026-03-13 09:51:07,867 [INFO] Core core_subtree_0013 NODE_004615 809
2026-03-13 09:51:07,870 [INFO] Core core_subtree_0014 NODE_005423 31
2026-03-13 09:51:07,874 [INFO] Core core_subtree_0015 NODE_005456 2
2026-03-13 09:51:07,876 [INFO] Core core_subtree_0016 NODE_005458 6
2026-03-13 09:51:07,885 [INFO] Core core_subtree_0017 NODE_005465 526
2026-03-13 09:51:07,897 [INFO] Core core_subtree_0018 NODE_005991 778
2026-03-13 09:51:07,916 [INFO] Core core_subtree_0019 NODE_006768 1301
2026-03-13 09:51:07,999 [INFO] Core core_subtree_0020 NODE_008068 253
2026-03-13 09:51:08,028 [INFO] Core core_subtree_0021 NODE_008320 1130
2026-03-13 09:51:08,050 [INFO] Core core_subtree_0022 NODE_009449 37
2026-03-13 09:51:08,062 [INFO] Core core_subtree_0023 NODE_009492 2
2026-03-13 09:51:08,096 [INFO] Core core_subtree_0024 NODE_009494 1182
2026-03-13 09:51:08,117 [INFO] Core core_subtree_0025 NODE_010677 1503
2026-03-13 09:51:08,142 [INFO] Core core_subtree_0026 NODE_012179 739
2026-03-13 09:51:08,154 [INFO] Core core_subtree_0027 NODE_012917 241
2026-03-13 09:51:08,169 [INFO] Core core_subtree_0028 NODE_013157 90
2026-03-13 09:51:08,176 [INFO] Core core_subtree_0029 NODE_013246 38
2026-03-13 09:51:08,200 [INFO] Core core_subtree_0030 NODE_013283 36
2026-03-13 09:51:08,230 [INFO] Core core_subtree_0031 NODE_013318 1826
2026-03-13 09:51:08,244 [INFO] Core core_subtree_0032 NODE_015143 6
2026-03-13 09:51:08,257 [INFO] Core core_subtree_0033 NODE_015148 253
2026-03-13 09:51:08,290 [INFO] Core core_subtree_0034 NODE_015400 1365
2026-03-13 09:51:08,331 [INFO] Core core_subtree_0035 NODE_016765 1966
2026-03-13 09:51:08,342 [INFO] Core core_subtree_0036 NODE_018730 370
2026-03-13 09:51:08,346 [INFO] Core core_subtree_0037 NODE_019099 10
2026-03-13 09:51:08,350 [INFO] Core core_subtree_0038 NODE_019108 42
2026-03-13 09:51:08,357 [INFO] Core core_subtree_0039 NODE_019149 296
2026-03-13 09:51:08,362 [INFO] Core core_subtree_0040 NODE_019445 144
2026-03-13 09:51:08,382 [INFO] Core core_subtree_0041 NODE_019590 1310
2026-03-13 09:51:08,401 [INFO] Core core_subtree_0042 NODE_020901 1019
2026-03-13 09:51:08,404 [INFO] Core core_subtree_0043 NODE_021921 54
2026-03-13 09:51:08,407 [INFO] Core core_subtree_0044 NODE_021975 51
2026-03-13 09:51:08,412 [INFO] Core core_subtree_0045 NODE_022029 85
2026-03-13 09:51:08,418 [INFO] Core core_subtree_0046 NODE_022118 19
2026-03-13 09:51:08,449 [INFO] Core core_subtree_0047 NODE_022136 1997
2026-03-13 09:51:08,461 [INFO] Core core_subtree_0048 NODE_024133 589
2026-03-13 09:51:08,501 [INFO] Core core_subtree_0049 NODE_024724 1432
2026-03-13 09:51:08,512 [INFO] Core core_subtree_0050 NODE_026155 604
2026-03-13 09:51:08,527 [INFO] Core core_subtree_0051 NODE_026758 538
2026-03-13 09:51:08,547 [INFO] Core core_subtree_0052 NODE_027295 819
2026-03-13 09:51:08,557 [INFO] Core core_subtree_0053 NODE_028113 508
2026-03-13 09:51:08,565 [INFO] Core core_subtree_0054 NODE_028620 432
2026-03-13 09:51:08,580 [INFO] Core core_subtree_0055 NODE_029051 194
2026-03-13 09:51:08,602 [INFO] Core core_subtree_0056 NODE_029246 1342
2026-03-13 09:51:08,612 [INFO] Core core_subtree_0057 NODE_030591 609
2026-03-13 09:51:08,617 [INFO] Core core_subtree_0058 NODE_031200 90
2026-03-13 09:51:08,621 [INFO] Core core_subtree_0059 NODE_031290 29
2026-03-13 09:51:08,661 [INFO] Core core_subtree_0060 NODE_031320 1999
2026-03-13 09:51:08,687 [INFO] Core core_subtree_0061 NODE_033318 1143
2026-03-13 09:51:08,696 [INFO] Core core_subtree_0062 NODE_034460 4
2026-03-13 09:51:08,708 [INFO] Core core_subtree_0063 NODE_034463 3
2026-03-13 09:51:08,722 [INFO] Core core_subtree_0064 NODE_034465 76
2026-03-13 09:51:08,733 [INFO] Core core_subtree_0065 NODE_034540 143
2026-03-13 09:51:08,742 [INFO] Core core_subtree_0066 NODE_034682 140
2026-03-13 09:51:08,745 [INFO] Core core_subtree_0067 NODE_034821 59
2026-03-13 09:51:08,747 [INFO] Core core_subtree_0068 NODE_034879 11
2026-03-13 09:51:08,752 [INFO] Core core_subtree_0069 NODE_034889 116
2026-03-13 09:51:08,758 [INFO] Core core_subtree_0070 NODE_035004 24
2026-03-13 09:51:08,779 [INFO] Core core_subtree_0071 NODE_035027 26
2026-03-13 09:51:08,795 [INFO] Core core_subtree_0072 NODE_035052 4
2026-03-13 09:51:08,812 [INFO] Core core_subtree_0073 NODE_035055 395
2026-03-13 09:51:08,822 [INFO] Core core_subtree_0074 NODE_035449 14
2026-03-13 09:51:08,832 [INFO] Core core_subtree_0075 NODE_035462 225
2026-03-13 09:51:08,850 [INFO] Core core_subtree_0076 NODE_035686 346
2026-03-13 09:51:08,860 [INFO] Core core_subtree_0077 TIP::111-1911-1679 1
2026-03-13 09:51:08,872 [INFO] Core core_subtree_0078 TIP::111-1915-3945 1
2026-03-13 09:51:08,882 [INFO] Core core_subtree_0079 TIP::111-1917-1123 1
2026-03-13 09:51:08,898 [INFO] Core core_subtree_0080 TIP::111-1917-8054 1
2026-03-13 09:51:08,911 [INFO] Core core_subtree_0081 TIP::111-1920-8515 1
2026-03-13 09:51:08,924 [INFO] Core core_subtree_0082 TIP::111-1929-0015 1
2026-03-13 09:51:08,941 [INFO] Core core_subtree_0083 TIP::111-1939-4089 1
2026-03-13 09:51:08,955 [INFO] Core core_subtree_0084 TIP::FJ748757 1
2026-03-13 09:51:08,961 [INFO] Core core_subtree_0085 TIP::GSRD019735A00_BB0_01 1
2026-03-13 09:51:08,975 [INFO] Core core_subtree_0086 TIP::HM852883 1
2026-03-13 09:51:08,988 [INFO] Core core_subtree_0087 TIP::HNL068 1
2026-03-13 09:51:09,000 [INFO] Core core_subtree_0088 TIP::MT418943 1
2026-03-13 09:51:09,211 [INFO] baseml_subtree_0001 core=1468 anchor=0 total=1469 trigger_anchor=no source_nodes=-
2026-03-13 09:51:09,216 [INFO] baseml_subtree_0002 core=847 anchor=0 total=848 trigger_anchor=no source_nodes=-
2026-03-13 09:51:09,219 [INFO] baseml_subtree_0003 core=321 anchor=0 total=322 trigger_anchor=no source_nodes=-
2026-03-13 09:51:09,392 [INFO] baseml_subtree_0004 core=10 anchor=1468 total=1479 trigger_anchor=yes source_nodes=NODE_000038
2026-03-13 09:51:09,569 [INFO] baseml_subtree_0005 core=10 anchor=1468 total=1479 trigger_anchor=yes source_nodes=NODE_000038
2026-03-13 09:51:09,745 [INFO] baseml_subtree_0006 core=56 anchor=1468 total=1525 trigger_anchor=yes source_nodes=NODE_000038
2026-03-13 09:51:09,988 [INFO] baseml_subtree_0007 core=5 anchor=1468 total=1474 trigger_anchor=yes source_nodes=NODE_000038
2026-03-13 09:51:10,163 [INFO] baseml_subtree_0008 core=3 anchor=1468 total=1472 trigger_anchor=yes source_nodes=NODE_000038
2026-03-13 09:51:10,166 [INFO] baseml_subtree_0009 core=485 anchor=0 total=486 trigger_anchor=no source_nodes=-
2026-03-13 09:51:10,340 [INFO] baseml_subtree_0010 core=34 anchor=1468 total=1503 trigger_anchor=yes source_nodes=NODE_000038
2026-03-13 09:51:10,513 [INFO] baseml_subtree_0011 core=94 anchor=1468 total=1563 trigger_anchor=yes source_nodes=NODE_000038
2026-03-13 09:51:10,529 [INFO] baseml_subtree_0012 core=1254 anchor=0 total=1255 trigger_anchor=no source_nodes=-
2026-03-13 09:51:10,535 [INFO] baseml_subtree_0013 core=809 anchor=0 total=810 trigger_anchor=no source_nodes=-
2026-03-13 09:51:10,710 [INFO] baseml_subtree_0014 core=31 anchor=1468 total=1500 trigger_anchor=yes source_nodes=NODE_000038
2026-03-13 09:51:10,886 [INFO] baseml_subtree_0015 core=2 anchor=1301 total=1304 trigger_anchor=yes source_nodes=NODE_006768
2026-03-13 09:51:11,064 [INFO] baseml_subtree_0016 core=6 anchor=1301 total=1308 trigger_anchor=yes source_nodes=NODE_006768
2026-03-13 09:51:11,068 [INFO] baseml_subtree_0017 core=526 anchor=0 total=527 trigger_anchor=no source_nodes=-
2026-03-13 09:51:11,076 [INFO] baseml_subtree_0018 core=778 anchor=0 total=779 trigger_anchor=no source_nodes=-
2026-03-13 09:51:11,094 [INFO] baseml_subtree_0019 core=1301 anchor=0 total=1302 trigger_anchor=no source_nodes=-
2026-03-13 09:51:11,096 [INFO] baseml_subtree_0020 core=253 anchor=0 total=254 trigger_anchor=no source_nodes=-
2026-03-13 09:51:11,104 [INFO] baseml_subtree_0021 core=1130 anchor=0 total=1131 trigger_anchor=no source_nodes=-
2026-03-13 09:51:11,282 [INFO] baseml_subtree_0022 core=37 anchor=1301 total=1339 trigger_anchor=yes source_nodes=NODE_006768
2026-03-13 09:51:11,455 [INFO] baseml_subtree_0023 core=2 anchor=1503 total=1506 trigger_anchor=yes source_nodes=NODE_010677
2026-03-13 09:51:11,465 [INFO] baseml_subtree_0024 core=1182 anchor=0 total=1183 trigger_anchor=no source_nodes=-
2026-03-13 09:51:11,492 [INFO] baseml_subtree_0025 core=1503 anchor=0 total=1504 trigger_anchor=no source_nodes=-
2026-03-13 09:51:11,497 [INFO] baseml_subtree_0026 core=739 anchor=0 total=740 trigger_anchor=no source_nodes=-
2026-03-13 09:51:11,501 [INFO] baseml_subtree_0027 core=241 anchor=0 total=242 trigger_anchor=no source_nodes=-
2026-03-13 09:51:11,682 [INFO] baseml_subtree_0028 core=90 anchor=1503 total=1594 trigger_anchor=yes source_nodes=NODE_010677
2026-03-13 09:51:11,859 [INFO] baseml_subtree_0029 core=38 anchor=1503 total=1542 trigger_anchor=yes source_nodes=NODE_010677
2026-03-13 09:51:12,033 [INFO] baseml_subtree_0030 core=36 anchor=1503 total=1540 trigger_anchor=yes source_nodes=NODE_010677
2026-03-13 09:51:12,059 [INFO] baseml_subtree_0031 core=1826 anchor=0 total=1827 trigger_anchor=no source_nodes=-
2026-03-13 09:51:12,236 [INFO] baseml_subtree_0032 core=6 anchor=1826 total=1833 trigger_anchor=yes source_nodes=NODE_013318
2026-03-13 09:51:12,238 [INFO] baseml_subtree_0033 core=253 anchor=0 total=254 trigger_anchor=no source_nodes=-
2026-03-13 09:51:12,256 [INFO] baseml_subtree_0034 core=1365 anchor=0 total=1366 trigger_anchor=no source_nodes=-
2026-03-13 09:51:12,286 [INFO] baseml_subtree_0035 core=1966 anchor=0 total=1967 trigger_anchor=no source_nodes=-
2026-03-13 09:51:12,289 [INFO] baseml_subtree_0036 core=370 anchor=0 total=371 trigger_anchor=no source_nodes=-
2026-03-13 09:51:12,469 [INFO] baseml_subtree_0037 core=10 anchor=1966 total=1977 trigger_anchor=yes source_nodes=NODE_016765
2026-03-13 09:51:12,650 [INFO] baseml_subtree_0038 core=42 anchor=1917 total=1960 trigger_anchor=yes source_nodes=NODE_016814
2026-03-13 09:51:12,653 [INFO] baseml_subtree_0039 core=296 anchor=0 total=297 trigger_anchor=no source_nodes=-
2026-03-13 09:51:12,654 [INFO] baseml_subtree_0040 core=144 anchor=0 total=145 trigger_anchor=no source_nodes=-
2026-03-13 09:51:12,672 [INFO] baseml_subtree_0041 core=1310 anchor=0 total=1311 trigger_anchor=no source_nodes=-
2026-03-13 09:51:12,680 [INFO] baseml_subtree_0042 core=1019 anchor=0 total=1020 trigger_anchor=no source_nodes=-
2026-03-13 09:51:12,860 [INFO] baseml_subtree_0043 core=54 anchor=1924 total=1979 trigger_anchor=yes source_nodes=NODE_022209
2026-03-13 09:51:13,043 [INFO] baseml_subtree_0044 core=51 anchor=1924 total=1976 trigger_anchor=yes source_nodes=NODE_022209
2026-03-13 09:51:13,220 [INFO] baseml_subtree_0045 core=85 anchor=1432 total=1518 trigger_anchor=yes source_nodes=NODE_024724
2026-03-13 09:51:13,396 [INFO] baseml_subtree_0046 core=19 anchor=1924 total=1944 trigger_anchor=yes source_nodes=NODE_022209
2026-03-13 09:51:13,429 [INFO] baseml_subtree_0047 core=1997 anchor=0 total=1998 trigger_anchor=no source_nodes=-
2026-03-13 09:51:13,433 [INFO] baseml_subtree_0048 core=589 anchor=0 total=590 trigger_anchor=no source_nodes=-
2026-03-13 09:51:13,452 [INFO] baseml_subtree_0049 core=1432 anchor=0 total=1433 trigger_anchor=no source_nodes=-
2026-03-13 09:51:13,457 [INFO] baseml_subtree_0050 core=604 anchor=0 total=605 trigger_anchor=no source_nodes=-
2026-03-13 09:51:13,462 [INFO] baseml_subtree_0051 core=538 anchor=0 total=539 trigger_anchor=no source_nodes=-
2026-03-13 09:51:13,468 [INFO] baseml_subtree_0052 core=819 anchor=0 total=820 trigger_anchor=no source_nodes=-
2026-03-13 09:51:13,471 [INFO] baseml_subtree_0053 core=508 anchor=0 total=509 trigger_anchor=no source_nodes=-
2026-03-13 09:51:13,475 [INFO] baseml_subtree_0054 core=432 anchor=0 total=433 trigger_anchor=no source_nodes=-
2026-03-13 09:51:13,478 [INFO] baseml_subtree_0055 core=194 anchor=0 total=195 trigger_anchor=no source_nodes=-
2026-03-13 09:51:13,496 [INFO] baseml_subtree_0056 core=1342 anchor=0 total=1343 trigger_anchor=no source_nodes=-
2026-03-13 09:51:13,500 [INFO] baseml_subtree_0057 core=609 anchor=0 total=610 trigger_anchor=no source_nodes=-
2026-03-13 09:51:13,679 [INFO] baseml_subtree_0058 core=90 anchor=1647 total=1738 trigger_anchor=yes source_nodes=NODE_031644
2026-03-13 09:51:13,856 [INFO] baseml_subtree_0059 core=29 anchor=1969 total=1999 trigger_anchor=yes source_nodes=NODE_031322
2026-03-13 09:51:13,886 [INFO] baseml_subtree_0060 core=1999 anchor=0 total=2000 trigger_anchor=no source_nodes=-
2026-03-13 09:51:13,895 [INFO] baseml_subtree_0061 core=1143 anchor=0 total=1144 trigger_anchor=no source_nodes=-
2026-03-13 09:51:14,072 [INFO] baseml_subtree_0062 core=4 anchor=1974 total=1979 trigger_anchor=yes source_nodes=NODE_031321
2026-03-13 09:51:14,249 [INFO] baseml_subtree_0063 core=3 anchor=1974 total=1978 trigger_anchor=yes source_nodes=NODE_031321
2026-03-13 09:51:14,429 [INFO] baseml_subtree_0064 core=76 anchor=1647 total=1724 trigger_anchor=yes source_nodes=NODE_031644
2026-03-13 09:51:14,431 [INFO] baseml_subtree_0065 core=143 anchor=0 total=144 trigger_anchor=no source_nodes=-
2026-03-13 09:51:14,434 [INFO] baseml_subtree_0066 core=140 anchor=0 total=141 trigger_anchor=no source_nodes=-
2026-03-13 09:51:14,619 [INFO] baseml_subtree_0067 core=59 anchor=1924 total=1984 trigger_anchor=yes source_nodes=NODE_022209
2026-03-13 09:51:14,804 [INFO] baseml_subtree_0068 core=11 anchor=1974 total=1986 trigger_anchor=yes source_nodes=NODE_031321
2026-03-13 09:51:14,807 [INFO] baseml_subtree_0069 core=116 anchor=0 total=117 trigger_anchor=no source_nodes=-
2026-03-13 09:51:14,995 [INFO] baseml_subtree_0070 core=24 anchor=1974 total=1999 trigger_anchor=yes source_nodes=NODE_031321
2026-03-13 09:51:15,188 [INFO] baseml_subtree_0071 core=26 anchor=1969 total=1996 trigger_anchor=yes source_nodes=NODE_031322
2026-03-13 09:51:15,379 [INFO] baseml_subtree_0072 core=4 anchor=1995 total=2000 trigger_anchor=yes source_nodes=NODE_022138
2026-03-13 09:51:15,382 [INFO] baseml_subtree_0073 core=395 anchor=0 total=396 trigger_anchor=no source_nodes=-
2026-03-13 09:51:15,577 [INFO] baseml_subtree_0074 core=14 anchor=1974 total=1989 trigger_anchor=yes source_nodes=NODE_031321
2026-03-13 09:51:15,580 [INFO] baseml_subtree_0075 core=225 anchor=0 total=226 trigger_anchor=no source_nodes=-
2026-03-13 09:51:15,583 [INFO] baseml_subtree_0076 core=346 anchor=0 total=347 trigger_anchor=no source_nodes=-
2026-03-13 09:51:15,757 [INFO] baseml_subtree_0077 core=1 anchor=1826 total=1828 trigger_anchor=yes source_nodes=NODE_013318
2026-03-13 09:51:15,930 [INFO] baseml_subtree_0078 core=1 anchor=1503 total=1505 trigger_anchor=yes source_nodes=NODE_010677
2026-03-13 09:51:16,107 [INFO] baseml_subtree_0079 core=1 anchor=1974 total=1976 trigger_anchor=yes source_nodes=NODE_031321
2026-03-13 09:51:16,280 [INFO] baseml_subtree_0080 core=1 anchor=1826 total=1828 trigger_anchor=yes source_nodes=NODE_013318
2026-03-13 09:51:16,457 [INFO] baseml_subtree_0081 core=1 anchor=1997 total=1999 trigger_anchor=yes source_nodes=NODE_022136
2026-03-13 09:51:16,639 [INFO] baseml_subtree_0082 core=1 anchor=1966 total=1968 trigger_anchor=yes source_nodes=NODE_016765
2026-03-13 09:51:16,815 [INFO] baseml_subtree_0083 core=1 anchor=1997 total=1999 trigger_anchor=yes source_nodes=NODE_022136
2026-03-13 09:51:16,996 [INFO] baseml_subtree_0084 core=1 anchor=1997 total=1999 trigger_anchor=yes source_nodes=NODE_022136
2026-03-13 09:51:17,170 [INFO] baseml_subtree_0085 core=1 anchor=1468 total=1470 trigger_anchor=yes source_nodes=NODE_000038
2026-03-13 09:51:17,345 [INFO] baseml_subtree_0086 core=1 anchor=1254 total=1256 trigger_anchor=yes source_nodes=NODE_003362
2026-03-13 09:51:17,526 [INFO] baseml_subtree_0087 core=1 anchor=1966 total=1968 trigger_anchor=yes source_nodes=NODE_016765
2026-03-13 09:51:17,705 [INFO] baseml_subtree_0088 core=1 anchor=1432 total=1434 trigger_anchor=yes source_nodes=NODE_024724
2026-03-13 09:51:17,738 [INFO] Running command: conda run -n BigLin gotree prune -r -i '/mnt/f/onedrive/文档（科研）/脚本/Download/18-phylogenetic/5-拆树PAML合树/output/intermediate/rooted.tree' -f '/mnt/f/onedrive/文档（科研）/脚本/Download/18-phylogenetic/5-拆树PAML合树/output/intermediate/tmp87lgrzu5.tips.txt' -o '/mnt/f/onedrive/文档（科研）/脚本/Download/18-phylogenetic/5-拆树PAML合树/output/intermediate/baseml_subtree_0001.pruned.nwk'
2026-03-13 09:51:19,309 [INFO] Running command: conda run -n BigLin gotree reroot outgroup --strict -i '/mnt/f/onedrive/文档（科研）/脚本/Download/18-phylogenetic/5-拆树PAML合树/output/intermediate/baseml_subtree_0001.pruned.nwk' -l '/mnt/f/onedrive/文档（科研）/脚本/Download/18-phylogenetic/5-拆树PAML合树/output/intermediate/tmp1c30ofh2.outgroup.txt' -o '/mnt/f/onedrive/文档（科研）/脚本/Download/18-phylogenetic/5-拆树PAML合树/output/intermediate/baseml_subtree_0001.rerooted.nwk' -t 4
2026-03-13 09:51:20,451 [INFO] Running command: conda run -n BigLin gotree prune -r -i '/mnt/f/onedrive/文档（科研）/脚本/Download/18-phylogenetic/5-拆树PAML合树/output/intermediate/rooted.tree' -f '/mnt/f/onedrive/文档（科研）/脚本/Download/18-phylogenetic/5-拆树PAML合树/output/intermediate/tmpb_giyiy9.tips.txt' -o '/mnt/f/onedrive/文档（科研）/脚本/Download/18-phylogenetic/5-拆树PAML合树/output/intermediate/baseml_subtree_0002.pruned.nwk'
2026-03-13 09:51:21,933 [INFO] Running command: conda run -n BigLin gotree reroot outgroup --strict -i '/mnt/f/onedrive/文档（科研）/脚本/Download/18-phylogenetic/5-拆树PAML合树/output/intermediate/baseml_subtree_0002.pruned.nwk' -l '/mnt/f/onedrive/文档（科研）/脚本/Download/18-phylogenetic/5-拆树PAML合树/output/intermediate/tmpcg60z5jd.outgroup.txt' -o '/mnt/f/onedrive/文档（科研）/脚本/Download/18-phylogenetic/5-拆树PAML合树/output/intermediate/baseml_subtree_0002.rerooted.nwk' -t 4
2026-03-13 09:51:23,454 [INFO] Running command: conda run -n BigLin gotree prune -r -i '/mnt/f/onedrive/文档（科研）/脚本/Download/18-phylogenetic/5-拆树PAML合树/output/intermediate/rooted.tree' -f '/mnt/f/onedrive/文档（科研）/脚本/Download/18-phylogenetic/5-拆树PAML合树/output/intermediate/tmpghkwvt5v.tips.txt' -o '/mnt/f/onedrive/文档（科研）/脚本/Download/18-phylogenetic/5-拆树PAML合树/output/intermediate/baseml_subtree_0003.pruned.nwk'
2026-03-13 09:51:25,152 [INFO] Running command: conda run -n BigLin gotree reroot outgroup --strict -i '/mnt/f/onedrive/文档（科研）/脚本/Download/18-phylogenetic/5-拆树PAML合树/output/intermediate/baseml_subtree_0003.pruned.nwk' -l '/mnt/f/onedrive/文档（科研）/脚本/Download/18-phylogenetic/5-拆树PAML合树/output/intermediate/tmp__in_0k5.outgroup.txt' -o '/mnt/f/onedrive/文档（科研）/脚本/Download/18-phylogenetic/5-拆树PAML合树/output/intermediate/baseml_subtree_0003.rerooted.nwk' -t 4
2026-03-13 09:51:26,521 [INFO] Running command: conda run -n BigLin gotree prune -r -i '/mnt/f/onedrive/文档（科研）/脚本/Download/18-phylogenetic/5-拆树PAML合树/output/intermediate/rooted.tree' -f '/mnt/f/onedrive/文档（科研）/脚本/Download/18-phylogenetic/5-拆树PAML合树/output/intermediate/tmpjlpxcfp3.tips.txt' -o '/mnt/f/onedrive/文档（科研）/脚本/Download/18-phylogenetic/5-拆树PAML合树/output/intermediate/baseml_subtree_0004.pruned.nwk'
2026-03-13 09:51:27,926 [INFO] Running command: conda run -n BigLin gotree reroot outgroup --strict -i '/mnt/f/onedrive/文档（科研）/脚本/Download/18-phylogenetic/5-拆树PAML合树/output/intermediate/baseml_subtree_0004.pruned.nwk' -l '/mnt/f/onedrive/文档（科研）/脚本/Download/18-phylogenetic/5-拆树PAML合树/output/intermediate/tmpmsjgy213.outgroup.txt' -o '/mnt/f/onedrive/文档（科研）/脚本/Download/18-phylogenetic/5-拆树PAML合树/output/intermediate/baseml_subtree_0004.rerooted.nwk' -t 4
2026-03-13 09:51:29,218 [INFO] Running command: conda run -n BigLin gotree prune -r -i '/mnt/f/onedrive/文档（科研）/脚本/Download/18-phylogenetic/5-拆树PAML合树/output/intermediate/rooted.tree' -f '/mnt/f/onedrive/文档（科研）/脚本/Download/18-phylogenetic/5-拆树PAML合树/output/intermediate/tmp1oe29_4x.tips.txt' -o '/mnt/f/onedrive/文档（科研）/脚本/Download/18-phylogenetic/5-拆树PAML合树/output/intermediate/baseml_subtree_0005.pruned.nwk'
2026-03-13 09:51:30,581 [INFO] Running command: conda run -n BigLin gotree reroot outgroup --strict -i '/mnt/f/onedrive/文档（科研）/脚本/Download/18-phylogenetic/5-拆树PAML合树/output/intermediate/baseml_subtree_0005.pruned.nwk' -l '/mnt/f/onedrive/文档（科研）/脚本/Download/18-phylogenetic/5-拆树PAML合树/output/intermediate/tmpfeldohi3.outgroup.txt' -o '/mnt/f/onedrive/文档（科研）/脚本/Download/18-phylogenetic/5-拆树PAML合树/output/intermediate/baseml_subtree_0005.rerooted.nwk' -t 4
2026-03-13 09:51:31,680 [INFO] Running command: conda run -n BigLin gotree prune -r -i '/mnt/f/onedrive/文档（科研）/脚本/Download/18-phylogenetic/5-拆树PAML合树/output/intermediate/rooted.tree' -f '/mnt/f/onedrive/文档（科研）/脚本/Download/18-phylogenetic/5-拆树PAML合树/output/intermediate/tmp8mcvjssg.tips.txt' -o '/mnt/f/onedrive/文档（科研）/脚本/Download/18-phylogenetic/5-拆树PAML合树/output/intermediate/baseml_subtree_0006.pruned.nwk'
2026-03-13 09:51:32,800 [INFO] Running command: conda run -n BigLin gotree reroot outgroup --strict -i '/mnt/f/onedrive/文档（科研）/脚本/Download/18-phylogenetic/5-拆树PAML合树/output/intermediate/baseml_subtree_0006.pruned.nwk' -l '/mnt/f/onedrive/文档（科研）/脚本/Download/18-phylogenetic/5-拆树PAML合树/output/intermediate/tmp1h4qrqg1.outgroup.txt' -o '/mnt/f/onedrive/文档（科研）/脚本/Download/18-phylogenetic/5-拆树PAML合树/output/intermediate/baseml_subtree_0006.rerooted.nwk' -t 4
2026-03-13 09:51:33,910 [INFO] Running command: conda run -n BigLin gotree prune -r -i '/mnt/f/onedrive/文档（科研）/脚本/Download/18-phylogenetic/5-拆树PAML合树/output/intermediate/rooted.tree' -f '/mnt/f/onedrive/文档（科研）/脚本/Download/18-phylogenetic/5-拆树PAML合树/output/intermediate/tmpzhog6fcy.tips.txt' -o '/mnt/f/onedrive/文档（科研）/脚本/Download/18-phylogenetic/5-拆树PAML合树/output/intermediate/baseml_subtree_0007.pruned.nwk'
2026-03-13 09:51:35,034 [INFO] Running command: conda run -n BigLin gotree reroot outgroup --strict -i '/mnt/f/onedrive/文档（科研）/脚本/Download/18-phylogenetic/5-拆树PAML合树/output/intermediate/baseml_subtree_0007.pruned.nwk' -l '/mnt/f/onedrive/文档（科研）/脚本/Download/18-phylogenetic/5-拆树PAML合树/output/intermediate/tmppawf2_o7.outgroup.txt' -o '/mnt/f/onedrive/文档（科研）/脚本/Download/18-phylogenetic/5-拆树PAML合树/output/intermediate/baseml_subtree_0007.rerooted.nwk' -t 4
2026-03-13 09:51:36,137 [INFO] Running command: conda run -n BigLin gotree prune -r -i '/mnt/f/onedrive/文档（科研）/脚本/Download/18-phylogenetic/5-拆树PAML合树/output/intermediate/rooted.tree' -f '/mnt/f/onedrive/文档（科研）/脚本/Download/18-phylogenetic/5-拆树PAML合树/output/intermediate/tmpaew3cvt5.tips.txt' -o '/mnt/f/onedrive/文档（科研）/脚本/Download/18-phylogenetic/5-拆树PAML合树/output/intermediate/baseml_subtree_0008.pruned.nwk'
2026-03-13 09:51:37,303 [INFO] Running command: conda run -n BigLin gotree reroot outgroup --strict -i '/mnt/f/onedrive/文档（科研）/脚本/Download/18-phylogenetic/5-拆树PAML合树/output/intermediate/baseml_subtree_0008.pruned.nwk' -l '/mnt/f/onedrive/文档（科研）/脚本/Download/18-phylogenetic/5-拆树PAML合树/output/intermediate/tmp025grwai.outgroup.txt' -o '/mnt/f/onedrive/文档（科研）/脚本/Download/18-phylogenetic/5-拆树PAML合树/output/intermediate/baseml_subtree_0008.rerooted.nwk' -t 4
2026-03-13 09:51:38,543 [INFO] Running command: conda run -n BigLin gotree prune -r -i '/mnt/f/onedrive/文档（科研）/脚本/Download/18-phylogenetic/5-拆树PAML合树/output/intermediate/rooted.tree' -f '/mnt/f/onedrive/文档（科研）/脚本/Download/18-phylogenetic/5-拆树PAML合树/output/intermediate/tmp5228aeeu.tips.txt' -o '/mnt/f/onedrive/文档（科研）/脚本/Download/18-phylogenetic/5-拆树PAML合树/output/intermediate/baseml_subtree_0009.pruned.nwk'
2026-03-13 09:51:40,003 [INFO] Running command: conda run -n BigLin gotree reroot outgroup --strict -i '/mnt/f/onedrive/文档（科研）/脚本/Download/18-phylogenetic/5-拆树PAML合树/output/intermediate/baseml_subtree_0009.pruned.nwk' -l '/mnt/f/onedrive/文档（科研）/脚本/Download/18-phylogenetic/5-拆树PAML合树/output/intermediate/tmpjcdwm3q5.outgroup.txt' -o '/mnt/f/onedrive/文档（科研）/脚本/Download/18-phylogenetic/5-拆树PAML合树/output/intermediate/baseml_subtree_0009.rerooted.nwk' -t 4
2026-03-13 09:51:41,290 [INFO] Running command: conda run -n BigLin gotree prune -r -i '/mnt/f/onedrive/文档（科研）/脚本/Download/18-phylogenetic/5-拆树PAML合树/output/intermediate/rooted.tree' -f '/mnt/f/onedrive/文档（科研）/脚本/Download/18-phylogenetic/5-拆树PAML合树/output/intermediate/tmpi4a9dwkt.tips.txt' -o '/mnt/f/onedrive/文档（科研）/脚本/Download/18-phylogenetic/5-拆树PAML合树/output/intermediate/baseml_subtree_0010.pruned.nwk'
2026-03-13 09:51:42,694 [INFO] Running command: conda run -n BigLin gotree reroot outgroup --strict -i '/mnt/f/onedrive/文档（科研）/脚本/Download/18-phylogenetic/5-拆树PAML合树/output/intermediate/baseml_subtree_0010.pruned.nwk' -l '/mnt/f/onedrive/文档（科研）/脚本/Download/18-phylogenetic/5-拆树PAML合树/output/intermediate/tmph_6_fye_.outgroup.txt' -o '/mnt/f/onedrive/文档（科研）/脚本/Download/18-phylogenetic/5-拆树PAML合树/output/intermediate/baseml_subtree_0010.rerooted.nwk' -t 4
2026-03-13 09:51:44,181 [INFO] Running command: conda run -n BigLin gotree prune -r -i '/mnt/f/onedrive/文档（科研）/脚本/Download/18-phylogenetic/5-拆树PAML合树/output/intermediate/rooted.tree' -f '/mnt/f/onedrive/文档（科研）/脚本/Download/18-phylogenetic/5-拆树PAML合树/output/intermediate/tmpsglxpvgl.tips.txt' -o '/mnt/f/onedrive/文档（科研）/脚本/Download/18-phylogenetic/5-拆树PAML合树/output/intermediate/baseml_subtree_0011.pruned.nwk'
2026-03-13 09:51:45,734 [INFO] Running command: conda run -n BigLin gotree reroot outgroup --strict -i '/mnt/f/onedrive/文档（科研）/脚本/Download/18-phylogenetic/5-拆树PAML合树/output/intermediate/baseml_subtree_0011.pruned.nwk' -l '/mnt/f/onedrive/文档（科研）/脚本/Download/18-phylogenetic/5-拆树PAML合树/output/intermediate/tmpbw4h3uea.outgroup.txt' -o '/mnt/f/onedrive/文档（科研）/脚本/Download/18-phylogenetic/5-拆树PAML合树/output/intermediate/baseml_subtree_0011.rerooted.nwk' -t 4
2026-03-13 09:51:47,247 [INFO] Running command: conda run -n BigLin gotree prune -r -i '/mnt/f/onedrive/文档（科研）/脚本/Download/18-phylogenetic/5-拆树PAML合树/output/intermediate/rooted.tree' -f '/mnt/f/onedrive/文档（科研）/脚本/Download/18-phylogenetic/5-拆树PAML合树/output/intermediate/tmpa950co11.tips.txt' -o '/mnt/f/onedrive/文档（科研）/脚本/Download/18-phylogenetic/5-拆树PAML合树/output/intermediate/baseml_subtree_0012.pruned.nwk'
2026-03-13 09:51:48,678 [INFO] Running command: conda run -n BigLin gotree reroot outgroup --strict -i '/mnt/f/onedrive/文档（科研）/脚本/Download/18-phylogenetic/5-拆树PAML合树/output/intermediate/baseml_subtree_0012.pruned.nwk' -l '/mnt/f/onedrive/文档（科研）/脚本/Download/18-phylogenetic/5-拆树PAML合树/output/intermediate/tmpoqayj5hd.outgroup.txt' -o '/mnt/f/onedrive/文档（科研）/脚本/Download/18-phylogenetic/5-拆树PAML合树/output/intermediate/baseml_subtree_0012.rerooted.nwk' -t 4
2026-03-13 09:51:50,088 [INFO] Running command: conda run -n BigLin gotree prune -r -i '/mnt/f/onedrive/文档（科研）/脚本/Download/18-phylogenetic/5-拆树PAML合树/output/intermediate/rooted.tree' -f '/mnt/f/onedrive/文档（科研）/脚本/Download/18-phylogenetic/5-拆树PAML合树/output/intermediate/tmp0p1b2fw2.tips.txt' -o '/mnt/f/onedrive/文档（科研）/脚本/Download/18-phylogenetic/5-拆树PAML合树/output/intermediate/baseml_subtree_0013.pruned.nwk'
2026-03-13 09:51:51,515 [INFO] Running command: conda run -n BigLin gotree reroot outgroup --strict -i '/mnt/f/onedrive/文档（科研）/脚本/Download/18-phylogenetic/5-拆树PAML合树/output/intermediate/baseml_subtree_0013.pruned.nwk' -l '/mnt/f/onedrive/文档（科研）/脚本/Download/18-phylogenetic/5-拆树PAML合树/output/intermediate/tmpm5ujcgce.outgroup.txt' -o '/mnt/f/onedrive/文档（科研）/脚本/Download/18-phylogenetic/5-拆树PAML合树/output/intermediate/baseml_subtree_0013.rerooted.nwk' -t 4
2026-03-13 09:51:52,784 [INFO] Running command: conda run -n BigLin gotree prune -r -i '/mnt/f/onedrive/文档（科研）/脚本/Download/18-phylogenetic/5-拆树PAML合树/output/intermediate/rooted.tree' -f '/mnt/f/onedrive/文档（科研）/脚本/Download/18-phylogenetic/5-拆树PAML合树/output/intermediate/tmpx2kmwv3i.tips.txt' -o '/mnt/f/onedrive/文档（科研）/脚本/Download/18-phylogenetic/5-拆树PAML合树/output/intermediate/baseml_subtree_0014.pruned.nwk'
2026-03-13 09:51:54,117 [INFO] Running command: conda run -n BigLin gotree reroot outgroup --strict -i '/mnt/f/onedrive/文档（科研）/脚本/Download/18-phylogenetic/5-拆树PAML合树/output/intermediate/baseml_subtree_0014.pruned.nwk' -l '/mnt/f/onedrive/文档（科研）/脚本/Download/18-phylogenetic/5-拆树PAML合树/output/intermediate/tmpe3y0gkcq.outgroup.txt' -o '/mnt/f/onedrive/文档（科研）/脚本/Download/18-phylogenetic/5-拆树PAML合树/output/intermediate/baseml_subtree_0014.rerooted.nwk' -t 4
2026-03-13 09:51:55,302 [INFO] Running command: conda run -n BigLin gotree prune -r -i '/mnt/f/onedrive/文档（科研）/脚本/Download/18-phylogenetic/5-拆树PAML合树/output/intermediate/rooted.tree' -f '/mnt/f/onedrive/文档（科研）/脚本/Download/18-phylogenetic/5-拆树PAML合树/output/intermediate/tmpxgv9vubj.tips.txt' -o '/mnt/f/onedrive/文档（科研）/脚本/Download/18-phylogenetic/5-拆树PAML合树/output/intermediate/baseml_subtree_0015.pruned.nwk'
2026-03-13 09:51:56,642 [INFO] Running command: conda run -n BigLin gotree reroot outgroup --strict -i '/mnt/f/onedrive/文档（科研）/脚本/Download/18-phylogenetic/5-拆树PAML合树/output/intermediate/baseml_subtree_0015.pruned.nwk' -l '/mnt/f/onedrive/文档（科研）/脚本/Download/18-phylogenetic/5-拆树PAML合树/output/intermediate/tmp78pzauzj.outgroup.txt' -o '/mnt/f/onedrive/文档（科研）/脚本/Download/18-phylogenetic/5-拆树PAML合树/output/intermediate/baseml_subtree_0015.rerooted.nwk' -t 4
2026-03-13 09:51:58,115 [INFO] Running command: conda run -n BigLin gotree prune -r -i '/mnt/f/onedrive/文档（科研）/脚本/Download/18-phylogenetic/5-拆树PAML合树/output/intermediate/rooted.tree' -f '/mnt/f/onedrive/文档（科研）/脚本/Download/18-phylogenetic/5-拆树PAML合树/output/intermediate/tmplbji72ep.tips.txt' -o '/mnt/f/onedrive/文档（科研）/脚本/Download/18-phylogenetic/5-拆树PAML合树/output/intermediate/baseml_subtree_0016.pruned.nwk'
2026-03-13 09:51:59,669 [INFO] Running command: conda run -n BigLin gotree reroot outgroup --strict -i '/mnt/f/onedrive/文档（科研）/脚本/Download/18-phylogenetic/5-拆树PAML合树/output/intermediate/baseml_subtree_0016.pruned.nwk' -l '/mnt/f/onedrive/文档（科研）/脚本/Download/18-phylogenetic/5-拆树PAML合树/output/intermediate/tmp9c01rjkp.outgroup.txt' -o '/mnt/f/onedrive/文档（科研）/脚本/Download/18-phylogenetic/5-拆树PAML合树/output/intermediate/baseml_subtree_0016.rerooted.nwk' -t 4
2026-03-13 09:52:01,195 [INFO] Running command: conda run -n BigLin gotree prune -r -i '/mnt/f/onedrive/文档（科研）/脚本/Download/18-phylogenetic/5-拆树PAML合树/output/intermediate/rooted.tree' -f '/mnt/f/onedrive/文档（科研）/脚本/Download/18-phylogenetic/5-拆树PAML合树/output/intermediate/tmpj79_vm_d.tips.txt' -o '/mnt/f/onedrive/文档（科研）/脚本/Download/18-phylogenetic/5-拆树PAML合树/output/intermediate/baseml_subtree_0017.pruned.nwk'
2026-03-13 09:52:02,567 [INFO] Running command: conda run -n BigLin gotree reroot outgroup --strict -i '/mnt/f/onedrive/文档（科研）/脚本/Download/18-phylogenetic/5-拆树PAML合树/output/intermediate/baseml_subtree_0017.pruned.nwk' -l '/mnt/f/onedrive/文档（科研）/脚本/Download/18-phylogenetic/5-拆树PAML合树/output/intermediate/tmpeo5ntkw6.outgroup.txt' -o '/mnt/f/onedrive/文档（科研）/脚本/Download/18-phylogenetic/5-拆树PAML合树/output/intermediate/baseml_subtree_0017.rerooted.nwk' -t 4
2026-03-13 09:52:03,931 [INFO] Running command: conda run -n BigLin gotree prune -r -i '/mnt/f/onedrive/文档（科研）/脚本/Download/18-phylogenetic/5-拆树PAML合树/output/intermediate/rooted.tree' -f '/mnt/f/onedrive/文档（科研）/脚本/Download/18-phylogenetic/5-拆树PAML合树/output/intermediate/tmpao5_uvtk.tips.txt' -o '/mnt/f/onedrive/文档（科研）/脚本/Download/18-phylogenetic/5-拆树PAML合树/output/intermediate/baseml_subtree_0018.pruned.nwk'
2026-03-13 09:52:05,429 [INFO] Running command: conda run -n BigLin gotree reroot outgroup --strict -i '/mnt/f/onedrive/文档（科研）/脚本/Download/18-phylogenetic/5-拆树PAML合树/output/intermediate/baseml_subtree_0018.pruned.nwk' -l '/mnt/f/onedrive/文档（科研）/脚本/Download/18-phylogenetic/5-拆树PAML合树/output/intermediate/tmp8zsjkdwp.outgroup.txt' -o '/mnt/f/onedrive/文档（科研）/脚本/Download/18-phylogenetic/5-拆树PAML合树/output/intermediate/baseml_subtree_0018.rerooted.nwk' -t 4
2026-03-13 09:52:07,034 [INFO] Running command: conda run -n BigLin gotree prune -r -i '/mnt/f/onedrive/文档（科研）/脚本/Download/18-phylogenetic/5-拆树PAML合树/output/intermediate/rooted.tree' -f '/mnt/f/onedrive/文档（科研）/脚本/Download/18-phylogenetic/5-拆树PAML合树/output/intermediate/tmp_spb3601.tips.txt' -o '/mnt/f/onedrive/文档（科研）/脚本/Download/18-phylogenetic/5-拆树PAML合树/output/intermediate/baseml_subtree_0019.pruned.nwk'
2026-03-13 09:52:08,442 [INFO] Running command: conda run -n BigLin gotree reroot outgroup --strict -i '/mnt/f/onedrive/文档（科研）/脚本/Download/18-phylogenetic/5-拆树PAML合树/output/intermediate/baseml_subtree_0019.pruned.nwk' -l '/mnt/f/onedrive/文档（科研）/脚本/Download/18-phylogenetic/5-拆树PAML合树/output/intermediate/tmp5rxjkfk1.outgroup.txt' -o '/mnt/f/onedrive/文档（科研）/脚本/Download/18-phylogenetic/5-拆树PAML合树/output/intermediate/baseml_subtree_0019.rerooted.nwk' -t 4
2026-03-13 09:52:09,925 [INFO] Running command: conda run -n BigLin gotree prune -r -i '/mnt/f/onedrive/文档（科研）/脚本/Download/18-phylogenetic/5-拆树PAML合树/output/intermediate/rooted.tree' -f '/mnt/f/onedrive/文档（科研）/脚本/Download/18-phylogenetic/5-拆树PAML合树/output/intermediate/tmpu44ouzl4.tips.txt' -o '/mnt/f/onedrive/文档（科研）/脚本/Download/18-phylogenetic/5-拆树PAML合树/output/intermediate/baseml_subtree_0020.pruned.nwk'
2026-03-13 09:52:11,149 [INFO] Running command: conda run -n BigLin gotree reroot outgroup --strict -i '/mnt/f/onedrive/文档（科研）/脚本/Download/18-phylogenetic/5-拆树PAML合树/output/intermediate/baseml_subtree_0020.pruned.nwk' -l '/mnt/f/onedrive/文档（科研）/脚本/Download/18-phylogenetic/5-拆树PAML合树/output/intermediate/tmputyei9in.outgroup.txt' -o '/mnt/f/onedrive/文档（科研）/脚本/Download/18-phylogenetic/5-拆树PAML合树/output/intermediate/baseml_subtree_0020.rerooted.nwk' -t 4
2026-03-13 09:52:12,213 [INFO] Running command: conda run -n BigLin gotree prune -r -i '/mnt/f/onedrive/文档（科研）/脚本/Download/18-phylogenetic/5-拆树PAML合树/output/intermediate/rooted.tree' -f '/mnt/f/onedrive/文档（科研）/脚本/Download/18-phylogenetic/5-拆树PAML合树/output/intermediate/tmp22reqx8w.tips.txt' -o '/mnt/f/onedrive/文档（科研）/脚本/Download/18-phylogenetic/5-拆树PAML合树/output/intermediate/baseml_subtree_0021.pruned.nwk'
2026-03-13 09:52:13,598 [INFO] Running command: conda run -n BigLin gotree reroot outgroup --strict -i '/mnt/f/onedrive/文档（科研）/脚本/Download/18-phylogenetic/5-拆树PAML合树/output/intermediate/baseml_subtree_0021.pruned.nwk' -l '/mnt/f/onedrive/文档（科研）/脚本/Download/18-phylogenetic/5-拆树PAML合树/output/intermediate/tmpxlkep5ne.outgroup.txt' -o '/mnt/f/onedrive/文档（科研）/脚本/Download/18-phylogenetic/5-拆树PAML合树/output/intermediate/baseml_subtree_0021.rerooted.nwk' -t 4
2026-03-13 09:52:15,008 [INFO] Running command: conda run -n BigLin gotree prune -r -i '/mnt/f/onedrive/文档（科研）/脚本/Download/18-phylogenetic/5-拆树PAML合树/output/intermediate/rooted.tree' -f '/mnt/f/onedrive/文档（科研）/脚本/Download/18-phylogenetic/5-拆树PAML合树/output/intermediate/tmpod0g9ff8.tips.txt' -o '/mnt/f/onedrive/文档（科研）/脚本/Download/18-phylogenetic/5-拆树PAML合树/output/intermediate/baseml_subtree_0022.pruned.nwk'
2026-03-13 09:52:16,504 [INFO] Running command: conda run -n BigLin gotree reroot outgroup --strict -i '/mnt/f/onedrive/文档（科研）/脚本/Download/18-phylogenetic/5-拆树PAML合树/output/intermediate/baseml_subtree_0022.pruned.nwk' -l '/mnt/f/onedrive/文档（科研）/脚本/Download/18-phylogenetic/5-拆树PAML合树/output/intermediate/tmpnlqbk59p.outgroup.txt' -o '/mnt/f/onedrive/文档（科研）/脚本/Download/18-phylogenetic/5-拆树PAML合树/output/intermediate/baseml_subtree_0022.rerooted.nwk' -t 4
2026-03-13 09:52:17,879 [INFO] Running command: conda run -n BigLin gotree prune -r -i '/mnt/f/onedrive/文档（科研）/脚本/Download/18-phylogenetic/5-拆树PAML合树/output/intermediate/rooted.tree' -f '/mnt/f/onedrive/文档（科研）/脚本/Download/18-phylogenetic/5-拆树PAML合树/output/intermediate/tmpnn91xqo2.tips.txt' -o '/mnt/f/onedrive/文档（科研）/脚本/Download/18-phylogenetic/5-拆树PAML合树/output/intermediate/baseml_subtree_0023.pruned.nwk'
2026-03-13 09:52:19,453 [INFO] Running command: conda run -n BigLin gotree reroot outgroup --strict -i '/mnt/f/onedrive/文档（科研）/脚本/Download/18-phylogenetic/5-拆树PAML合树/output/intermediate/baseml_subtree_0023.pruned.nwk' -l '/mnt/f/onedrive/文档（科研）/脚本/Download/18-phylogenetic/5-拆树PAML合树/output/intermediate/tmpxjsh1jud.outgroup.txt' -o '/mnt/f/onedrive/文档（科研）/脚本/Download/18-phylogenetic/5-拆树PAML合树/output/intermediate/baseml_subtree_0023.rerooted.nwk' -t 4
2026-03-13 09:52:20,757 [INFO] Running command: conda run -n BigLin gotree prune -r -i '/mnt/f/onedrive/文档（科研）/脚本/Download/18-phylogenetic/5-拆树PAML合树/output/intermediate/rooted.tree' -f '/mnt/f/onedrive/文档（科研）/脚本/Download/18-phylogenetic/5-拆树PAML合树/output/intermediate/tmp49ewpumn.tips.txt' -o '/mnt/f/onedrive/文档（科研）/脚本/Download/18-phylogenetic/5-拆树PAML合树/output/intermediate/baseml_subtree_0024.pruned.nwk'
2026-03-13 09:52:22,218 [INFO] Running command: conda run -n BigLin gotree reroot outgroup --strict -i '/mnt/f/onedrive/文档（科研）/脚本/Download/18-phylogenetic/5-拆树PAML合树/output/intermediate/baseml_subtree_0024.pruned.nwk' -l '/mnt/f/onedrive/文档（科研）/脚本/Download/18-phylogenetic/5-拆树PAML合树/output/intermediate/tmpp6zdit6d.outgroup.txt' -o '/mnt/f/onedrive/文档（科研）/脚本/Download/18-phylogenetic/5-拆树PAML合树/output/intermediate/baseml_subtree_0024.rerooted.nwk' -t 4
2026-03-13 09:52:23,589 [INFO] Running command: conda run -n BigLin gotree prune -r -i '/mnt/f/onedrive/文档（科研）/脚本/Download/18-phylogenetic/5-拆树PAML合树/output/intermediate/rooted.tree' -f '/mnt/f/onedrive/文档（科研）/脚本/Download/18-phylogenetic/5-拆树PAML合树/output/intermediate/tmp4raxt20u.tips.txt' -o '/mnt/f/onedrive/文档（科研）/脚本/Download/18-phylogenetic/5-拆树PAML合树/output/intermediate/baseml_subtree_0025.pruned.nwk'
2026-03-13 09:52:25,077 [INFO] Running command: conda run -n BigLin gotree reroot outgroup --strict -i '/mnt/f/onedrive/文档（科研）/脚本/Download/18-phylogenetic/5-拆树PAML合树/output/intermediate/baseml_subtree_0025.pruned.nwk' -l '/mnt/f/onedrive/文档（科研）/脚本/Download/18-phylogenetic/5-拆树PAML合树/output/intermediate/tmpf12giryt.outgroup.txt' -o '/mnt/f/onedrive/文档（科研）/脚本/Download/18-phylogenetic/5-拆树PAML合树/output/intermediate/baseml_subtree_0025.rerooted.nwk' -t 4
2026-03-13 09:52:26,403 [INFO] Running command: conda run -n BigLin gotree prune -r -i '/mnt/f/onedrive/文档（科研）/脚本/Download/18-phylogenetic/5-拆树PAML合树/output/intermediate/rooted.tree' -f '/mnt/f/onedrive/文档（科研）/脚本/Download/18-phylogenetic/5-拆树PAML合树/output/intermediate/tmpv8mwem8g.tips.txt' -o '/mnt/f/onedrive/文档（科研）/脚本/Download/18-phylogenetic/5-拆树PAML合树/output/intermediate/baseml_subtree_0026.pruned.nwk'
2026-03-13 09:52:27,788 [INFO] Running command: conda run -n BigLin gotree reroot outgroup --strict -i '/mnt/f/onedrive/文档（科研）/脚本/Download/18-phylogenetic/5-拆树PAML合树/output/intermediate/baseml_subtree_0026.pruned.nwk' -l '/mnt/f/onedrive/文档（科研）/脚本/Download/18-phylogenetic/5-拆树PAML合树/output/intermediate/tmp_rumniw7.outgroup.txt' -o '/mnt/f/onedrive/文档（科研）/脚本/Download/18-phylogenetic/5-拆树PAML合树/output/intermediate/baseml_subtree_0026.rerooted.nwk' -t 4
2026-03-13 09:52:28,936 [INFO] Running command: conda run -n BigLin gotree prune -r -i '/mnt/f/onedrive/文档（科研）/脚本/Download/18-phylogenetic/5-拆树PAML合树/output/intermediate/rooted.tree' -f '/mnt/f/onedrive/文档（科研）/脚本/Download/18-phylogenetic/5-拆树PAML合树/output/intermediate/tmpm0e6fe37.tips.txt' -o '/mnt/f/onedrive/文档（科研）/脚本/Download/18-phylogenetic/5-拆树PAML合树/output/intermediate/baseml_subtree_0027.pruned.nwk'
2026-03-13 09:52:30,725 [INFO] Running command: conda run -n BigLin gotree reroot outgroup --strict -i '/mnt/f/onedrive/文档（科研）/脚本/Download/18-phylogenetic/5-拆树PAML合树/output/intermediate/baseml_subtree_0027.pruned.nwk' -l '/mnt/f/onedrive/文档（科研）/脚本/Download/18-phylogenetic/5-拆树PAML合树/output/intermediate/tmpjczsoebz.outgroup.txt' -o '/mnt/f/onedrive/文档（科研）/脚本/Download/18-phylogenetic/5-拆树PAML合树/output/intermediate/baseml_subtree_0027.rerooted.nwk' -t 4
2026-03-13 09:52:32,085 [INFO] Running command: conda run -n BigLin gotree prune -r -i '/mnt/f/onedrive/文档（科研）/脚本/Download/18-phylogenetic/5-拆树PAML合树/output/intermediate/rooted.tree' -f '/mnt/f/onedrive/文档（科研）/脚本/Download/18-phylogenetic/5-拆树PAML合树/output/intermediate/tmpl39kn8jt.tips.txt' -o '/mnt/f/onedrive/文档（科研）/脚本/Download/18-phylogenetic/5-拆树PAML合树/output/intermediate/baseml_subtree_0028.pruned.nwk'
2026-03-13 09:52:33,329 [INFO] Running command: conda run -n BigLin gotree reroot outgroup --strict -i '/mnt/f/onedrive/文档（科研）/脚本/Download/18-phylogenetic/5-拆树PAML合树/output/intermediate/baseml_subtree_0028.pruned.nwk' -l '/mnt/f/onedrive/文档（科研）/脚本/Download/18-phylogenetic/5-拆树PAML合树/output/intermediate/tmpe9wz2hhf.outgroup.txt' -o '/mnt/f/onedrive/文档（科研）/脚本/Download/18-phylogenetic/5-拆树PAML合树/output/intermediate/baseml_subtree_0028.rerooted.nwk' -t 4
2026-03-13 09:52:34,554 [INFO] Running command: conda run -n BigLin gotree prune -r -i '/mnt/f/onedrive/文档（科研）/脚本/Download/18-phylogenetic/5-拆树PAML合树/output/intermediate/rooted.tree' -f '/mnt/f/onedrive/文档（科研）/脚本/Download/18-phylogenetic/5-拆树PAML合树/output/intermediate/tmp5zv_ge9s.tips.txt' -o '/mnt/f/onedrive/文档（科研）/脚本/Download/18-phylogenetic/5-拆树PAML合树/output/intermediate/baseml_subtree_0029.pruned.nwk'
2026-03-13 09:52:36,017 [INFO] Running command: conda run -n BigLin gotree reroot outgroup --strict -i '/mnt/f/onedrive/文档（科研）/脚本/Download/18-phylogenetic/5-拆树PAML合树/output/intermediate/baseml_subtree_0029.pruned.nwk' -l '/mnt/f/onedrive/文档（科研）/脚本/Download/18-phylogenetic/5-拆树PAML合树/output/intermediate/tmpr9hnt_8m.outgroup.txt' -o '/mnt/f/onedrive/文档（科研）/脚本/Download/18-phylogenetic/5-拆树PAML合树/output/intermediate/baseml_subtree_0029.rerooted.nwk' -t 4
2026-03-13 09:52:37,363 [INFO] Running command: conda run -n BigLin gotree prune -r -i '/mnt/f/onedrive/文档（科研）/脚本/Download/18-phylogenetic/5-拆树PAML合树/output/intermediate/rooted.tree' -f '/mnt/f/onedrive/文档（科研）/脚本/Download/18-phylogenetic/5-拆树PAML合树/output/intermediate/tmphmx1phmj.tips.txt' -o '/mnt/f/onedrive/文档（科研）/脚本/Download/18-phylogenetic/5-拆树PAML合树/output/intermediate/baseml_subtree_0030.pruned.nwk'
2026-03-13 09:52:39,158 [INFO] Running command: conda run -n BigLin gotree reroot outgroup --strict -i '/mnt/f/onedrive/文档（科研）/脚本/Download/18-phylogenetic/5-拆树PAML合树/output/intermediate/baseml_subtree_0030.pruned.nwk' -l '/mnt/f/onedrive/文档（科研）/脚本/Download/18-phylogenetic/5-拆树PAML合树/output/intermediate/tmpnkm3wk0n.outgroup.txt' -o '/mnt/f/onedrive/文档（科研）/脚本/Download/18-phylogenetic/5-拆树PAML合树/output/intermediate/baseml_subtree_0030.rerooted.nwk' -t 4
2026-03-13 09:52:40,537 [INFO] Running command: conda run -n BigLin gotree prune -r -i '/mnt/f/onedrive/文档（科研）/脚本/Download/18-phylogenetic/5-拆树PAML合树/output/intermediate/rooted.tree' -f '/mnt/f/onedrive/文档（科研）/脚本/Download/18-phylogenetic/5-拆树PAML合树/output/intermediate/tmpynfw_8ji.tips.txt' -o '/mnt/f/onedrive/文档（科研）/脚本/Download/18-phylogenetic/5-拆树PAML合树/output/intermediate/baseml_subtree_0031.pruned.nwk'
2026-03-13 09:52:41,880 [INFO] Running command: conda run -n BigLin gotree reroot outgroup --strict -i '/mnt/f/onedrive/文档（科研）/脚本/Download/18-phylogenetic/5-拆树PAML合树/output/intermediate/baseml_subtree_0031.pruned.nwk' -l '/mnt/f/onedrive/文档（科研）/脚本/Download/18-phylogenetic/5-拆树PAML合树/output/intermediate/tmptxi2i28u.outgroup.txt' -o '/mnt/f/onedrive/文档（科研）/脚本/Download/18-phylogenetic/5-拆树PAML合树/output/intermediate/baseml_subtree_0031.rerooted.nwk' -t 4
2026-03-13 09:52:43,207 [INFO] Running command: conda run -n BigLin gotree prune -r -i '/mnt/f/onedrive/文档（科研）/脚本/Download/18-phylogenetic/5-拆树PAML合树/output/intermediate/rooted.tree' -f '/mnt/f/onedrive/文档（科研）/脚本/Download/18-phylogenetic/5-拆树PAML合树/output/intermediate/tmpcoeliwpe.tips.txt' -o '/mnt/f/onedrive/文档（科研）/脚本/Download/18-phylogenetic/5-拆树PAML合树/output/intermediate/baseml_subtree_0032.pruned.nwk'
2026-03-13 09:52:44,797 [INFO] Running command: conda run -n BigLin gotree reroot outgroup --strict -i '/mnt/f/onedrive/文档（科研）/脚本/Download/18-phylogenetic/5-拆树PAML合树/output/intermediate/baseml_subtree_0032.pruned.nwk' -l '/mnt/f/onedrive/文档（科研）/脚本/Download/18-phylogenetic/5-拆树PAML合树/output/intermediate/tmpvdos_wsn.outgroup.txt' -o '/mnt/f/onedrive/文档（科研）/脚本/Download/18-phylogenetic/5-拆树PAML合树/output/intermediate/baseml_subtree_0032.rerooted.nwk' -t 4
2026-03-13 09:52:46,046 [INFO] Running command: conda run -n BigLin gotree prune -r -i '/mnt/f/onedrive/文档（科研）/脚本/Download/18-phylogenetic/5-拆树PAML合树/output/intermediate/rooted.tree' -f '/mnt/f/onedrive/文档（科研）/脚本/Download/18-phylogenetic/5-拆树PAML合树/output/intermediate/tmpg3pd9rw5.tips.txt' -o '/mnt/f/onedrive/文档（科研）/脚本/Download/18-phylogenetic/5-拆树PAML合树/output/intermediate/baseml_subtree_0033.pruned.nwk'
2026-03-13 09:52:47,497 [INFO] Running command: conda run -n BigLin gotree reroot outgroup --strict -i '/mnt/f/onedrive/文档（科研）/脚本/Download/18-phylogenetic/5-拆树PAML合树/output/intermediate/baseml_subtree_0033.pruned.nwk' -l '/mnt/f/onedrive/文档（科研）/脚本/Download/18-phylogenetic/5-拆树PAML合树/output/intermediate/tmpoz8b7fmr.outgroup.txt' -o '/mnt/f/onedrive/文档（科研）/脚本/Download/18-phylogenetic/5-拆树PAML合树/output/intermediate/baseml_subtree_0033.rerooted.nwk' -t 4
2026-03-13 09:52:48,867 [INFO] Running command: conda run -n BigLin gotree prune -r -i '/mnt/f/onedrive/文档（科研）/脚本/Download/18-phylogenetic/5-拆树PAML合树/output/intermediate/rooted.tree' -f '/mnt/f/onedrive/文档（科研）/脚本/Download/18-phylogenetic/5-拆树PAML合树/output/intermediate/tmpl1rqp4qd.tips.txt' -o '/mnt/f/onedrive/文档（科研）/脚本/Download/18-phylogenetic/5-拆树PAML合树/output/intermediate/baseml_subtree_0034.pruned.nwk'
2026-03-13 09:52:50,451 [INFO] Running command: conda run -n BigLin gotree reroot outgroup --strict -i '/mnt/f/onedrive/文档（科研）/脚本/Download/18-phylogenetic/5-拆树PAML合树/output/intermediate/baseml_subtree_0034.pruned.nwk' -l '/mnt/f/onedrive/文档（科研）/脚本/Download/18-phylogenetic/5-拆树PAML合树/output/intermediate/tmp1vno2w6m.outgroup.txt' -o '/mnt/f/onedrive/文档（科研）/脚本/Download/18-phylogenetic/5-拆树PAML合树/output/intermediate/baseml_subtree_0034.rerooted.nwk' -t 4
2026-03-13 09:52:51,824 [INFO] Running command: conda run -n BigLin gotree prune -r -i '/mnt/f/onedrive/文档（科研）/脚本/Download/18-phylogenetic/5-拆树PAML合树/output/intermediate/rooted.tree' -f '/mnt/f/onedrive/文档（科研）/脚本/Download/18-phylogenetic/5-拆树PAML合树/output/intermediate/tmp6masgkwa.tips.txt' -o '/mnt/f/onedrive/文档（科研）/脚本/Download/18-phylogenetic/5-拆树PAML合树/output/intermediate/baseml_subtree_0035.pruned.nwk'
2026-03-13 09:52:53,251 [INFO] Running command: conda run -n BigLin gotree reroot outgroup --strict -i '/mnt/f/onedrive/文档（科研）/脚本/Download/18-phylogenetic/5-拆树PAML合树/output/intermediate/baseml_subtree_0035.pruned.nwk' -l '/mnt/f/onedrive/文档（科研）/脚本/Download/18-phylogenetic/5-拆树PAML合树/output/intermediate/tmp0m18g4ki.outgroup.txt' -o '/mnt/f/onedrive/文档（科研）/脚本/Download/18-phylogenetic/5-拆树PAML合树/output/intermediate/baseml_subtree_0035.rerooted.nwk' -t 4
2026-03-13 09:52:54,728 [INFO] Running command: conda run -n BigLin gotree prune -r -i '/mnt/f/onedrive/文档（科研）/脚本/Download/18-phylogenetic/5-拆树PAML合树/output/intermediate/rooted.tree' -f '/mnt/f/onedrive/文档（科研）/脚本/Download/18-phylogenetic/5-拆树PAML合树/output/intermediate/tmp1k6e9e1t.tips.txt' -o '/mnt/f/onedrive/文档（科研）/脚本/Download/18-phylogenetic/5-拆树PAML合树/output/intermediate/baseml_subtree_0036.pruned.nwk'
2026-03-13 09:52:56,191 [INFO] Running command: conda run -n BigLin gotree reroot outgroup --strict -i '/mnt/f/onedrive/文档（科研）/脚本/Download/18-phylogenetic/5-拆树PAML合树/output/intermediate/baseml_subtree_0036.pruned.nwk' -l '/mnt/f/onedrive/文档（科研）/脚本/Download/18-phylogenetic/5-拆树PAML合树/output/intermediate/tmpy3dqvl0u.outgroup.txt' -o '/mnt/f/onedrive/文档（科研）/脚本/Download/18-phylogenetic/5-拆树PAML合树/output/intermediate/baseml_subtree_0036.rerooted.nwk' -t 4
2026-03-13 09:52:57,479 [INFO] Running command: conda run -n BigLin gotree prune -r -i '/mnt/f/onedrive/文档（科研）/脚本/Download/18-phylogenetic/5-拆树PAML合树/output/intermediate/rooted.tree' -f '/mnt/f/onedrive/文档（科研）/脚本/Download/18-phylogenetic/5-拆树PAML合树/output/intermediate/tmpoppowulf.tips.txt' -o '/mnt/f/onedrive/文档（科研）/脚本/Download/18-phylogenetic/5-拆树PAML合树/output/intermediate/baseml_subtree_0037.pruned.nwk'
2026-03-13 09:52:58,795 [INFO] Running command: conda run -n BigLin gotree reroot outgroup --strict -i '/mnt/f/onedrive/文档（科研）/脚本/Download/18-phylogenetic/5-拆树PAML合树/output/intermediate/baseml_subtree_0037.pruned.nwk' -l '/mnt/f/onedrive/文档（科研）/脚本/Download/18-phylogenetic/5-拆树PAML合树/output/intermediate/tmp6jsa_6v5.outgroup.txt' -o '/mnt/f/onedrive/文档（科研）/脚本/Download/18-phylogenetic/5-拆树PAML合树/output/intermediate/baseml_subtree_0037.rerooted.nwk' -t 4
2026-03-13 09:53:00,189 [INFO] Running command: conda run -n BigLin gotree prune -r -i '/mnt/f/onedrive/文档（科研）/脚本/Download/18-phylogenetic/5-拆树PAML合树/output/intermediate/rooted.tree' -f '/mnt/f/onedrive/文档（科研）/脚本/Download/18-phylogenetic/5-拆树PAML合树/output/intermediate/tmpe_knqk75.tips.txt' -o '/mnt/f/onedrive/文档（科研）/脚本/Download/18-phylogenetic/5-拆树PAML合树/output/intermediate/baseml_subtree_0038.pruned.nwk'
2026-03-13 09:53:01,534 [INFO] Running command: conda run -n BigLin gotree reroot outgroup --strict -i '/mnt/f/onedrive/文档（科研）/脚本/Download/18-phylogenetic/5-拆树PAML合树/output/intermediate/baseml_subtree_0038.pruned.nwk' -l '/mnt/f/onedrive/文档（科研）/脚本/Download/18-phylogenetic/5-拆树PAML合树/output/intermediate/tmp43l0ba8p.outgroup.txt' -o '/mnt/f/onedrive/文档（科研）/脚本/Download/18-phylogenetic/5-拆树PAML合树/output/intermediate/baseml_subtree_0038.rerooted.nwk' -t 4
2026-03-13 09:53:02,718 [INFO] Running command: conda run -n BigLin gotree prune -r -i '/mnt/f/onedrive/文档（科研）/脚本/Download/18-phylogenetic/5-拆树PAML合树/output/intermediate/rooted.tree' -f '/mnt/f/onedrive/文档（科研）/脚本/Download/18-phylogenetic/5-拆树PAML合树/output/intermediate/tmpo3sgtloh.tips.txt' -o '/mnt/f/onedrive/文档（科研）/脚本/Download/18-phylogenetic/5-拆树PAML合树/output/intermediate/baseml_subtree_0039.pruned.nwk'
2026-03-13 09:53:04,407 [INFO] Running command: conda run -n BigLin gotree reroot outgroup --strict -i '/mnt/f/onedrive/文档（科研）/脚本/Download/18-phylogenetic/5-拆树PAML合树/output/intermediate/baseml_subtree_0039.pruned.nwk' -l '/mnt/f/onedrive/文档（科研）/脚本/Download/18-phylogenetic/5-拆树PAML合树/output/intermediate/tmpkyq8kgvm.outgroup.txt' -o '/mnt/f/onedrive/文档（科研）/脚本/Download/18-phylogenetic/5-拆树PAML合树/output/intermediate/baseml_subtree_0039.rerooted.nwk' -t 4
2026-03-13 09:53:05,821 [INFO] Running command: conda run -n BigLin gotree prune -r -i '/mnt/f/onedrive/文档（科研）/脚本/Download/18-phylogenetic/5-拆树PAML合树/output/intermediate/rooted.tree' -f '/mnt/f/onedrive/文档（科研）/脚本/Download/18-phylogenetic/5-拆树PAML合树/output/intermediate/tmpkkn2d__r.tips.txt' -o '/mnt/f/onedrive/文档（科研）/脚本/Download/18-phylogenetic/5-拆树PAML合树/output/intermediate/baseml_subtree_0040.pruned.nwk'
2026-03-13 09:53:07,343 [INFO] Running command: conda run -n BigLin gotree reroot outgroup --strict -i '/mnt/f/onedrive/文档（科研）/脚本/Download/18-phylogenetic/5-拆树PAML合树/output/intermediate/baseml_subtree_0040.pruned.nwk' -l '/mnt/f/onedrive/文档（科研）/脚本/Download/18-phylogenetic/5-拆树PAML合树/output/intermediate/tmpezrfxut9.outgroup.txt' -o '/mnt/f/onedrive/文档（科研）/脚本/Download/18-phylogenetic/5-拆树PAML合树/output/intermediate/baseml_subtree_0040.rerooted.nwk' -t 4
2026-03-13 09:53:08,866 [INFO] Running command: conda run -n BigLin gotree prune -r -i '/mnt/f/onedrive/文档（科研）/脚本/Download/18-phylogenetic/5-拆树PAML合树/output/intermediate/rooted.tree' -f '/mnt/f/onedrive/文档（科研）/脚本/Download/18-phylogenetic/5-拆树PAML合树/output/intermediate/tmpdkeseybc.tips.txt' -o '/mnt/f/onedrive/文档（科研）/脚本/Download/18-phylogenetic/5-拆树PAML合树/output/intermediate/baseml_subtree_0041.pruned.nwk'
2026-03-13 09:53:10,498 [INFO] Running command: conda run -n BigLin gotree reroot outgroup --strict -i '/mnt/f/onedrive/文档（科研）/脚本/Download/18-phylogenetic/5-拆树PAML合树/output/intermediate/baseml_subtree_0041.pruned.nwk' -l '/mnt/f/onedrive/文档（科研）/脚本/Download/18-phylogenetic/5-拆树PAML合树/output/intermediate/tmpl8j3cjvu.outgroup.txt' -o '/mnt/f/onedrive/文档（科研）/脚本/Download/18-phylogenetic/5-拆树PAML合树/output/intermediate/baseml_subtree_0041.rerooted.nwk' -t 4
2026-03-13 09:53:11,849 [INFO] Running command: conda run -n BigLin gotree prune -r -i '/mnt/f/onedrive/文档（科研）/脚本/Download/18-phylogenetic/5-拆树PAML合树/output/intermediate/rooted.tree' -f '/mnt/f/onedrive/文档（科研）/脚本/Download/18-phylogenetic/5-拆树PAML合树/output/intermediate/tmp22692smm.tips.txt' -o '/mnt/f/onedrive/文档（科研）/脚本/Download/18-phylogenetic/5-拆树PAML合树/output/intermediate/baseml_subtree_0042.pruned.nwk'
2026-03-13 09:53:13,544 [INFO] Running command: conda run -n BigLin gotree reroot outgroup --strict -i '/mnt/f/onedrive/文档（科研）/脚本/Download/18-phylogenetic/5-拆树PAML合树/output/intermediate/baseml_subtree_0042.pruned.nwk' -l '/mnt/f/onedrive/文档（科研）/脚本/Download/18-phylogenetic/5-拆树PAML合树/output/intermediate/tmpr3ysfjru.outgroup.txt' -o '/mnt/f/onedrive/文档（科研）/脚本/Download/18-phylogenetic/5-拆树PAML合树/output/intermediate/baseml_subtree_0042.rerooted.nwk' -t 4
2026-03-13 09:53:15,050 [INFO] Running command: conda run -n BigLin gotree prune -r -i '/mnt/f/onedrive/文档（科研）/脚本/Download/18-phylogenetic/5-拆树PAML合树/output/intermediate/rooted.tree' -f '/mnt/f/onedrive/文档（科研）/脚本/Download/18-phylogenetic/5-拆树PAML合树/output/intermediate/tmpmpgr6f0v.tips.txt' -o '/mnt/f/onedrive/文档（科研）/脚本/Download/18-phylogenetic/5-拆树PAML合树/output/intermediate/baseml_subtree_0043.pruned.nwk'
2026-03-13 09:53:16,647 [INFO] Running command: conda run -n BigLin gotree reroot outgroup --strict -i '/mnt/f/onedrive/文档（科研）/脚本/Download/18-phylogenetic/5-拆树PAML合树/output/intermediate/baseml_subtree_0043.pruned.nwk' -l '/mnt/f/onedrive/文档（科研）/脚本/Download/18-phylogenetic/5-拆树PAML合树/output/intermediate/tmpn_a29lpx.outgroup.txt' -o '/mnt/f/onedrive/文档（科研）/脚本/Download/18-phylogenetic/5-拆树PAML合树/output/intermediate/baseml_subtree_0043.rerooted.nwk' -t 4
2026-03-13 09:53:18,151 [INFO] Running command: conda run -n BigLin gotree prune -r -i '/mnt/f/onedrive/文档（科研）/脚本/Download/18-phylogenetic/5-拆树PAML合树/output/intermediate/rooted.tree' -f '/mnt/f/onedrive/文档（科研）/脚本/Download/18-phylogenetic/5-拆树PAML合树/output/intermediate/tmp_9i_i8cn.tips.txt' -o '/mnt/f/onedrive/文档（科研）/脚本/Download/18-phylogenetic/5-拆树PAML合树/output/intermediate/baseml_subtree_0044.pruned.nwk'
2026-03-13 09:53:19,449 [INFO] Running command: conda run -n BigLin gotree reroot outgroup --strict -i '/mnt/f/onedrive/文档（科研）/脚本/Download/18-phylogenetic/5-拆树PAML合树/output/intermediate/baseml_subtree_0044.pruned.nwk' -l '/mnt/f/onedrive/文档（科研）/脚本/Download/18-phylogenetic/5-拆树PAML合树/output/intermediate/tmp2qbob8rl.outgroup.txt' -o '/mnt/f/onedrive/文档（科研）/脚本/Download/18-phylogenetic/5-拆树PAML合树/output/intermediate/baseml_subtree_0044.rerooted.nwk' -t 4
2026-03-13 09:53:20,918 [INFO] Running command: conda run -n BigLin gotree prune -r -i '/mnt/f/onedrive/文档（科研）/脚本/Download/18-phylogenetic/5-拆树PAML合树/output/intermediate/rooted.tree' -f '/mnt/f/onedrive/文档（科研）/脚本/Download/18-phylogenetic/5-拆树PAML合树/output/intermediate/tmp31dy5wnz.tips.txt' -o '/mnt/f/onedrive/文档（科研）/脚本/Download/18-phylogenetic/5-拆树PAML合树/output/intermediate/baseml_subtree_0045.pruned.nwk'
2026-03-13 09:53:22,359 [INFO] Running command: conda run -n BigLin gotree reroot outgroup --strict -i '/mnt/f/onedrive/文档（科研）/脚本/Download/18-phylogenetic/5-拆树PAML合树/output/intermediate/baseml_subtree_0045.pruned.nwk' -l '/mnt/f/onedrive/文档（科研）/脚本/Download/18-phylogenetic/5-拆树PAML合树/output/intermediate/tmp2yc_tuuu.outgroup.txt' -o '/mnt/f/onedrive/文档（科研）/脚本/Download/18-phylogenetic/5-拆树PAML合树/output/intermediate/baseml_subtree_0045.rerooted.nwk' -t 4
2026-03-13 09:53:23,833 [INFO] Running command: conda run -n BigLin gotree prune -r -i '/mnt/f/onedrive/文档（科研）/脚本/Download/18-phylogenetic/5-拆树PAML合树/output/intermediate/rooted.tree' -f '/mnt/f/onedrive/文档（科研）/脚本/Download/18-phylogenetic/5-拆树PAML合树/output/intermediate/tmp6qfc1e_z.tips.txt' -o '/mnt/f/onedrive/文档（科研）/脚本/Download/18-phylogenetic/5-拆树PAML合树/output/intermediate/baseml_subtree_0046.pruned.nwk'
2026-03-13 09:53:25,526 [INFO] Running command: conda run -n BigLin gotree reroot outgroup --strict -i '/mnt/f/onedrive/文档（科研）/脚本/Download/18-phylogenetic/5-拆树PAML合树/output/intermediate/baseml_subtree_0046.pruned.nwk' -l '/mnt/f/onedrive/文档（科研）/脚本/Download/18-phylogenetic/5-拆树PAML合树/output/intermediate/tmpjdi2wrdc.outgroup.txt' -o '/mnt/f/onedrive/文档（科研）/脚本/Download/18-phylogenetic/5-拆树PAML合树/output/intermediate/baseml_subtree_0046.rerooted.nwk' -t 4
2026-03-13 09:53:26,949 [INFO] Running command: conda run -n BigLin gotree prune -r -i '/mnt/f/onedrive/文档（科研）/脚本/Download/18-phylogenetic/5-拆树PAML合树/output/intermediate/rooted.tree' -f '/mnt/f/onedrive/文档（科研）/脚本/Download/18-phylogenetic/5-拆树PAML合树/output/intermediate/tmp08892rk4.tips.txt' -o '/mnt/f/onedrive/文档（科研）/脚本/Download/18-phylogenetic/5-拆树PAML合树/output/intermediate/baseml_subtree_0047.pruned.nwk'
2026-03-13 09:53:28,314 [INFO] Running command: conda run -n BigLin gotree reroot outgroup --strict -i '/mnt/f/onedrive/文档（科研）/脚本/Download/18-phylogenetic/5-拆树PAML合树/output/intermediate/baseml_subtree_0047.pruned.nwk' -l '/mnt/f/onedrive/文档（科研）/脚本/Download/18-phylogenetic/5-拆树PAML合树/output/intermediate/tmpnyws41w0.outgroup.txt' -o '/mnt/f/onedrive/文档（科研）/脚本/Download/18-phylogenetic/5-拆树PAML合树/output/intermediate/baseml_subtree_0047.rerooted.nwk' -t 4
2026-03-13 09:53:29,868 [INFO] Running command: conda run -n BigLin gotree prune -r -i '/mnt/f/onedrive/文档（科研）/脚本/Download/18-phylogenetic/5-拆树PAML合树/output/intermediate/rooted.tree' -f '/mnt/f/onedrive/文档（科研）/脚本/Download/18-phylogenetic/5-拆树PAML合树/output/intermediate/tmp3kvgtjcq.tips.txt' -o '/mnt/f/onedrive/文档（科研）/脚本/Download/18-phylogenetic/5-拆树PAML合树/output/intermediate/baseml_subtree_0048.pruned.nwk'
2026-03-13 09:53:31,542 [INFO] Running command: conda run -n BigLin gotree reroot outgroup --strict -i '/mnt/f/onedrive/文档（科研）/脚本/Download/18-phylogenetic/5-拆树PAML合树/output/intermediate/baseml_subtree_0048.pruned.nwk' -l '/mnt/f/onedrive/文档（科研）/脚本/Download/18-phylogenetic/5-拆树PAML合树/output/intermediate/tmp9rqnxyiu.outgroup.txt' -o '/mnt/f/onedrive/文档（科研）/脚本/Download/18-phylogenetic/5-拆树PAML合树/output/intermediate/baseml_subtree_0048.rerooted.nwk' -t 4
2026-03-13 09:53:32,892 [INFO] Running command: conda run -n BigLin gotree prune -r -i '/mnt/f/onedrive/文档（科研）/脚本/Download/18-phylogenetic/5-拆树PAML合树/output/intermediate/rooted.tree' -f '/mnt/f/onedrive/文档（科研）/脚本/Download/18-phylogenetic/5-拆树PAML合树/output/intermediate/tmptcrcxf7t.tips.txt' -o '/mnt/f/onedrive/文档（科研）/脚本/Download/18-phylogenetic/5-拆树PAML合树/output/intermediate/baseml_subtree_0049.pruned.nwk'
2026-03-13 09:53:34,472 [INFO] Running command: conda run -n BigLin gotree reroot outgroup --strict -i '/mnt/f/onedrive/文档（科研）/脚本/Download/18-phylogenetic/5-拆树PAML合树/output/intermediate/baseml_subtree_0049.pruned.nwk' -l '/mnt/f/onedrive/文档（科研）/脚本/Download/18-phylogenetic/5-拆树PAML合树/output/intermediate/tmpb9tpxcs0.outgroup.txt' -o '/mnt/f/onedrive/文档（科研）/脚本/Download/18-phylogenetic/5-拆树PAML合树/output/intermediate/baseml_subtree_0049.rerooted.nwk' -t 4
2026-03-13 09:53:35,639 [INFO] Running command: conda run -n BigLin gotree prune -r -i '/mnt/f/onedrive/文档（科研）/脚本/Download/18-phylogenetic/5-拆树PAML合树/output/intermediate/rooted.tree' -f '/mnt/f/onedrive/文档（科研）/脚本/Download/18-phylogenetic/5-拆树PAML合树/output/intermediate/tmpjr32xbyy.tips.txt' -o '/mnt/f/onedrive/文档（科研）/脚本/Download/18-phylogenetic/5-拆树PAML合树/output/intermediate/baseml_subtree_0050.pruned.nwk'
2026-03-13 09:53:37,248 [INFO] Running command: conda run -n BigLin gotree reroot outgroup --strict -i '/mnt/f/onedrive/文档（科研）/脚本/Download/18-phylogenetic/5-拆树PAML合树/output/intermediate/baseml_subtree_0050.pruned.nwk' -l '/mnt/f/onedrive/文档（科研）/脚本/Download/18-phylogenetic/5-拆树PAML合树/output/intermediate/tmp3faau9nm.outgroup.txt' -o '/mnt/f/onedrive/文档（科研）/脚本/Download/18-phylogenetic/5-拆树PAML合树/output/intermediate/baseml_subtree_0050.rerooted.nwk' -t 4
2026-03-13 09:53:38,661 [INFO] Running command: conda run -n BigLin gotree prune -r -i '/mnt/f/onedrive/文档（科研）/脚本/Download/18-phylogenetic/5-拆树PAML合树/output/intermediate/rooted.tree' -f '/mnt/f/onedrive/文档（科研）/脚本/Download/18-phylogenetic/5-拆树PAML合树/output/intermediate/tmps9dzabxh.tips.txt' -o '/mnt/f/onedrive/文档（科研）/脚本/Download/18-phylogenetic/5-拆树PAML合树/output/intermediate/baseml_subtree_0051.pruned.nwk'
2026-03-13 09:53:39,961 [INFO] Running command: conda run -n BigLin gotree reroot outgroup --strict -i '/mnt/f/onedrive/文档（科研）/脚本/Download/18-phylogenetic/5-拆树PAML合树/output/intermediate/baseml_subtree_0051.pruned.nwk' -l '/mnt/f/onedrive/文档（科研）/脚本/Download/18-phylogenetic/5-拆树PAML合树/output/intermediate/tmp2l964ozs.outgroup.txt' -o '/mnt/f/onedrive/文档（科研）/脚本/Download/18-phylogenetic/5-拆树PAML合树/output/intermediate/baseml_subtree_0051.rerooted.nwk' -t 4
2026-03-13 09:53:41,361 [INFO] Running command: conda run -n BigLin gotree prune -r -i '/mnt/f/onedrive/文档（科研）/脚本/Download/18-phylogenetic/5-拆树PAML合树/output/intermediate/rooted.tree' -f '/mnt/f/onedrive/文档（科研）/脚本/Download/18-phylogenetic/5-拆树PAML合树/output/intermediate/tmpwk8r35re.tips.txt' -o '/mnt/f/onedrive/文档（科研）/脚本/Download/18-phylogenetic/5-拆树PAML合树/output/intermediate/baseml_subtree_0052.pruned.nwk'
2026-03-13 09:53:42,706 [INFO] Running command: conda run -n BigLin gotree reroot outgroup --strict -i '/mnt/f/onedrive/文档（科研）/脚本/Download/18-phylogenetic/5-拆树PAML合树/output/intermediate/baseml_subtree_0052.pruned.nwk' -l '/mnt/f/onedrive/文档（科研）/脚本/Download/18-phylogenetic/5-拆树PAML合树/output/intermediate/tmpiekl8cc4.outgroup.txt' -o '/mnt/f/onedrive/文档（科研）/脚本/Download/18-phylogenetic/5-拆树PAML合树/output/intermediate/baseml_subtree_0052.rerooted.nwk' -t 4
2026-03-13 09:53:44,100 [INFO] Running command: conda run -n BigLin gotree prune -r -i '/mnt/f/onedrive/文档（科研）/脚本/Download/18-phylogenetic/5-拆树PAML合树/output/intermediate/rooted.tree' -f '/mnt/f/onedrive/文档（科研）/脚本/Download/18-phylogenetic/5-拆树PAML合树/output/intermediate/tmpr3ebqr3p.tips.txt' -o '/mnt/f/onedrive/文档（科研）/脚本/Download/18-phylogenetic/5-拆树PAML合树/output/intermediate/baseml_subtree_0053.pruned.nwk'
2026-03-13 09:53:45,429 [INFO] Running command: conda run -n BigLin gotree reroot outgroup --strict -i '/mnt/f/onedrive/文档（科研）/脚本/Download/18-phylogenetic/5-拆树PAML合树/output/intermediate/baseml_subtree_0053.pruned.nwk' -l '/mnt/f/onedrive/文档（科研）/脚本/Download/18-phylogenetic/5-拆树PAML合树/output/intermediate/tmpl2g79v_5.outgroup.txt' -o '/mnt/f/onedrive/文档（科研）/脚本/Download/18-phylogenetic/5-拆树PAML合树/output/intermediate/baseml_subtree_0053.rerooted.nwk' -t 4
2026-03-13 09:53:46,971 [INFO] Running command: conda run -n BigLin gotree prune -r -i '/mnt/f/onedrive/文档（科研）/脚本/Download/18-phylogenetic/5-拆树PAML合树/output/intermediate/rooted.tree' -f '/mnt/f/onedrive/文档（科研）/脚本/Download/18-phylogenetic/5-拆树PAML合树/output/intermediate/tmpefopianl.tips.txt' -o '/mnt/f/onedrive/文档（科研）/脚本/Download/18-phylogenetic/5-拆树PAML合树/output/intermediate/baseml_subtree_0054.pruned.nwk'
2026-03-13 09:53:48,519 [INFO] Running command: conda run -n BigLin gotree reroot outgroup --strict -i '/mnt/f/onedrive/文档（科研）/脚本/Download/18-phylogenetic/5-拆树PAML合树/output/intermediate/baseml_subtree_0054.pruned.nwk' -l '/mnt/f/onedrive/文档（科研）/脚本/Download/18-phylogenetic/5-拆树PAML合树/output/intermediate/tmp1x7kvuqe.outgroup.txt' -o '/mnt/f/onedrive/文档（科研）/脚本/Download/18-phylogenetic/5-拆树PAML合树/output/intermediate/baseml_subtree_0054.rerooted.nwk' -t 4
2026-03-13 09:53:49,797 [INFO] Running command: conda run -n BigLin gotree prune -r -i '/mnt/f/onedrive/文档（科研）/脚本/Download/18-phylogenetic/5-拆树PAML合树/output/intermediate/rooted.tree' -f '/mnt/f/onedrive/文档（科研）/脚本/Download/18-phylogenetic/5-拆树PAML合树/output/intermediate/tmpcfotv_yi.tips.txt' -o '/mnt/f/onedrive/文档（科研）/脚本/Download/18-phylogenetic/5-拆树PAML合树/output/intermediate/baseml_subtree_0055.pruned.nwk'
2026-03-13 09:53:51,133 [INFO] Running command: conda run -n BigLin gotree reroot outgroup --strict -i '/mnt/f/onedrive/文档（科研）/脚本/Download/18-phylogenetic/5-拆树PAML合树/output/intermediate/baseml_subtree_0055.pruned.nwk' -l '/mnt/f/onedrive/文档（科研）/脚本/Download/18-phylogenetic/5-拆树PAML合树/output/intermediate/tmp6go1lmmu.outgroup.txt' -o '/mnt/f/onedrive/文档（科研）/脚本/Download/18-phylogenetic/5-拆树PAML合树/output/intermediate/baseml_subtree_0055.rerooted.nwk' -t 4
2026-03-13 09:53:52,351 [INFO] Running command: conda run -n BigLin gotree prune -r -i '/mnt/f/onedrive/文档（科研）/脚本/Download/18-phylogenetic/5-拆树PAML合树/output/intermediate/rooted.tree' -f '/mnt/f/onedrive/文档（科研）/脚本/Download/18-phylogenetic/5-拆树PAML合树/output/intermediate/tmp3xcg06o0.tips.txt' -o '/mnt/f/onedrive/文档（科研）/脚本/Download/18-phylogenetic/5-拆树PAML合树/output/intermediate/baseml_subtree_0056.pruned.nwk'
2026-03-13 09:53:53,502 [INFO] Running command: conda run -n BigLin gotree reroot outgroup --strict -i '/mnt/f/onedrive/文档（科研）/脚本/Download/18-phylogenetic/5-拆树PAML合树/output/intermediate/baseml_subtree_0056.pruned.nwk' -l '/mnt/f/onedrive/文档（科研）/脚本/Download/18-phylogenetic/5-拆树PAML合树/output/intermediate/tmpq64xng85.outgroup.txt' -o '/mnt/f/onedrive/文档（科研）/脚本/Download/18-phylogenetic/5-拆树PAML合树/output/intermediate/baseml_subtree_0056.rerooted.nwk' -t 4
2026-03-13 09:53:54,957 [INFO] Running command: conda run -n BigLin gotree prune -r -i '/mnt/f/onedrive/文档（科研）/脚本/Download/18-phylogenetic/5-拆树PAML合树/output/intermediate/rooted.tree' -f '/mnt/f/onedrive/文档（科研）/脚本/Download/18-phylogenetic/5-拆树PAML合树/output/intermediate/tmp89f2dw1y.tips.txt' -o '/mnt/f/onedrive/文档（科研）/脚本/Download/18-phylogenetic/5-拆树PAML合树/output/intermediate/baseml_subtree_0057.pruned.nwk'
2026-03-13 09:53:56,346 [INFO] Running command: conda run -n BigLin gotree reroot outgroup --strict -i '/mnt/f/onedrive/文档（科研）/脚本/Download/18-phylogenetic/5-拆树PAML合树/output/intermediate/baseml_subtree_0057.pruned.nwk' -l '/mnt/f/onedrive/文档（科研）/脚本/Download/18-phylogenetic/5-拆树PAML合树/output/intermediate/tmp2wbll50v.outgroup.txt' -o '/mnt/f/onedrive/文档（科研）/脚本/Download/18-phylogenetic/5-拆树PAML合树/output/intermediate/baseml_subtree_0057.rerooted.nwk' -t 4
2026-03-13 09:53:57,849 [INFO] Running command: conda run -n BigLin gotree prune -r -i '/mnt/f/onedrive/文档（科研）/脚本/Download/18-phylogenetic/5-拆树PAML合树/output/intermediate/rooted.tree' -f '/mnt/f/onedrive/文档（科研）/脚本/Download/18-phylogenetic/5-拆树PAML合树/output/intermediate/tmpzf6yu9t8.tips.txt' -o '/mnt/f/onedrive/文档（科研）/脚本/Download/18-phylogenetic/5-拆树PAML合树/output/intermediate/baseml_subtree_0058.pruned.nwk'
2026-03-13 09:53:59,615 [INFO] Running command: conda run -n BigLin gotree reroot outgroup --strict -i '/mnt/f/onedrive/文档（科研）/脚本/Download/18-phylogenetic/5-拆树PAML合树/output/intermediate/baseml_subtree_0058.pruned.nwk' -l '/mnt/f/onedrive/文档（科研）/脚本/Download/18-phylogenetic/5-拆树PAML合树/output/intermediate/tmph0njuo2i.outgroup.txt' -o '/mnt/f/onedrive/文档（科研）/脚本/Download/18-phylogenetic/5-拆树PAML合树/output/intermediate/baseml_subtree_0058.rerooted.nwk' -t 4
2026-03-13 09:54:00,921 [INFO] Running command: conda run -n BigLin gotree prune -r -i '/mnt/f/onedrive/文档（科研）/脚本/Download/18-phylogenetic/5-拆树PAML合树/output/intermediate/rooted.tree' -f '/mnt/f/onedrive/文档（科研）/脚本/Download/18-phylogenetic/5-拆树PAML合树/output/intermediate/tmp77e52n15.tips.txt' -o '/mnt/f/onedrive/文档（科研）/脚本/Download/18-phylogenetic/5-拆树PAML合树/output/intermediate/baseml_subtree_0059.pruned.nwk'
2026-03-13 09:54:02,520 [INFO] Running command: conda run -n BigLin gotree reroot outgroup --strict -i '/mnt/f/onedrive/文档（科研）/脚本/Download/18-phylogenetic/5-拆树PAML合树/output/intermediate/baseml_subtree_0059.pruned.nwk' -l '/mnt/f/onedrive/文档（科研）/脚本/Download/18-phylogenetic/5-拆树PAML合树/output/intermediate/tmp9y3ixe_k.outgroup.txt' -o '/mnt/f/onedrive/文档（科研）/脚本/Download/18-phylogenetic/5-拆树PAML合树/output/intermediate/baseml_subtree_0059.rerooted.nwk' -t 4
2026-03-13 09:54:04,151 [INFO] Running command: conda run -n BigLin gotree prune -r -i '/mnt/f/onedrive/文档（科研）/脚本/Download/18-phylogenetic/5-拆树PAML合树/output/intermediate/rooted.tree' -f '/mnt/f/onedrive/文档（科研）/脚本/Download/18-phylogenetic/5-拆树PAML合树/output/intermediate/tmpsyavyw15.tips.txt' -o '/mnt/f/onedrive/文档（科研）/脚本/Download/18-phylogenetic/5-拆树PAML合树/output/intermediate/baseml_subtree_0060.pruned.nwk'
2026-03-13 09:54:05,691 [INFO] Running command: conda run -n BigLin gotree reroot outgroup --strict -i '/mnt/f/onedrive/文档（科研）/脚本/Download/18-phylogenetic/5-拆树PAML合树/output/intermediate/baseml_subtree_0060.pruned.nwk' -l '/mnt/f/onedrive/文档（科研）/脚本/Download/18-phylogenetic/5-拆树PAML合树/output/intermediate/tmpdbwogd8c.outgroup.txt' -o '/mnt/f/onedrive/文档（科研）/脚本/Download/18-phylogenetic/5-拆树PAML合树/output/intermediate/baseml_subtree_0060.rerooted.nwk' -t 4
2026-03-13 09:54:07,226 [INFO] Running command: conda run -n BigLin gotree prune -r -i '/mnt/f/onedrive/文档（科研）/脚本/Download/18-phylogenetic/5-拆树PAML合树/output/intermediate/rooted.tree' -f '/mnt/f/onedrive/文档（科研）/脚本/Download/18-phylogenetic/5-拆树PAML合树/output/intermediate/tmpgye1drky.tips.txt' -o '/mnt/f/onedrive/文档（科研）/脚本/Download/18-phylogenetic/5-拆树PAML合树/output/intermediate/baseml_subtree_0061.pruned.nwk'
2026-03-13 09:54:08,640 [INFO] Running command: conda run -n BigLin gotree reroot outgroup --strict -i '/mnt/f/onedrive/文档（科研）/脚本/Download/18-phylogenetic/5-拆树PAML合树/output/intermediate/baseml_subtree_0061.pruned.nwk' -l '/mnt/f/onedrive/文档（科研）/脚本/Download/18-phylogenetic/5-拆树PAML合树/output/intermediate/tmp86t7_6kg.outgroup.txt' -o '/mnt/f/onedrive/文档（科研）/脚本/Download/18-phylogenetic/5-拆树PAML合树/output/intermediate/baseml_subtree_0061.rerooted.nwk' -t 4
2026-03-13 09:54:10,050 [INFO] Running command: conda run -n BigLin gotree prune -r -i '/mnt/f/onedrive/文档（科研）/脚本/Download/18-phylogenetic/5-拆树PAML合树/output/intermediate/rooted.tree' -f '/mnt/f/onedrive/文档（科研）/脚本/Download/18-phylogenetic/5-拆树PAML合树/output/intermediate/tmp9lkkb_kp.tips.txt' -o '/mnt/f/onedrive/文档（科研）/脚本/Download/18-phylogenetic/5-拆树PAML合树/output/intermediate/baseml_subtree_0062.pruned.nwk'
2026-03-13 09:54:11,502 [INFO] Running command: conda run -n BigLin gotree reroot outgroup --strict -i '/mnt/f/onedrive/文档（科研）/脚本/Download/18-phylogenetic/5-拆树PAML合树/output/intermediate/baseml_subtree_0062.pruned.nwk' -l '/mnt/f/onedrive/文档（科研）/脚本/Download/18-phylogenetic/5-拆树PAML合树/output/intermediate/tmpxn7ggsjm.outgroup.txt' -o '/mnt/f/onedrive/文档（科研）/脚本/Download/18-phylogenetic/5-拆树PAML合树/output/intermediate/baseml_subtree_0062.rerooted.nwk' -t 4
2026-03-13 09:54:12,960 [INFO] Running command: conda run -n BigLin gotree prune -r -i '/mnt/f/onedrive/文档（科研）/脚本/Download/18-phylogenetic/5-拆树PAML合树/output/intermediate/rooted.tree' -f '/mnt/f/onedrive/文档（科研）/脚本/Download/18-phylogenetic/5-拆树PAML合树/output/intermediate/tmp60vozrdi.tips.txt' -o '/mnt/f/onedrive/文档（科研）/脚本/Download/18-phylogenetic/5-拆树PAML合树/output/intermediate/baseml_subtree_0063.pruned.nwk'
2026-03-13 09:54:14,370 [INFO] Running command: conda run -n BigLin gotree reroot outgroup --strict -i '/mnt/f/onedrive/文档（科研）/脚本/Download/18-phylogenetic/5-拆树PAML合树/output/intermediate/baseml_subtree_0063.pruned.nwk' -l '/mnt/f/onedrive/文档（科研）/脚本/Download/18-phylogenetic/5-拆树PAML合树/output/intermediate/tmpne1q1nvq.outgroup.txt' -o '/mnt/f/onedrive/文档（科研）/脚本/Download/18-phylogenetic/5-拆树PAML合树/output/intermediate/baseml_subtree_0063.rerooted.nwk' -t 4
2026-03-13 09:54:15,813 [INFO] Running command: conda run -n BigLin gotree prune -r -i '/mnt/f/onedrive/文档（科研）/脚本/Download/18-phylogenetic/5-拆树PAML合树/output/intermediate/rooted.tree' -f '/mnt/f/onedrive/文档（科研）/脚本/Download/18-phylogenetic/5-拆树PAML合树/output/intermediate/tmpi5ptz4h4.tips.txt' -o '/mnt/f/onedrive/文档（科研）/脚本/Download/18-phylogenetic/5-拆树PAML合树/output/intermediate/baseml_subtree_0064.pruned.nwk'
2026-03-13 09:54:17,216 [INFO] Running command: conda run -n BigLin gotree reroot outgroup --strict -i '/mnt/f/onedrive/文档（科研）/脚本/Download/18-phylogenetic/5-拆树PAML合树/output/intermediate/baseml_subtree_0064.pruned.nwk' -l '/mnt/f/onedrive/文档（科研）/脚本/Download/18-phylogenetic/5-拆树PAML合树/output/intermediate/tmpdniuadwa.outgroup.txt' -o '/mnt/f/onedrive/文档（科研）/脚本/Download/18-phylogenetic/5-拆树PAML合树/output/intermediate/baseml_subtree_0064.rerooted.nwk' -t 4
2026-03-13 09:54:18,842 [INFO] Running command: conda run -n BigLin gotree prune -r -i '/mnt/f/onedrive/文档（科研）/脚本/Download/18-phylogenetic/5-拆树PAML合树/output/intermediate/rooted.tree' -f '/mnt/f/onedrive/文档（科研）/脚本/Download/18-phylogenetic/5-拆树PAML合树/output/intermediate/tmpa6_68isc.tips.txt' -o '/mnt/f/onedrive/文档（科研）/脚本/Download/18-phylogenetic/5-拆树PAML合树/output/intermediate/baseml_subtree_0065.pruned.nwk'
2026-03-13 09:54:20,478 [INFO] Running command: conda run -n BigLin gotree reroot outgroup --strict -i '/mnt/f/onedrive/文档（科研）/脚本/Download/18-phylogenetic/5-拆树PAML合树/output/intermediate/baseml_subtree_0065.pruned.nwk' -l '/mnt/f/onedrive/文档（科研）/脚本/Download/18-phylogenetic/5-拆树PAML合树/output/intermediate/tmpl1qi1i_o.outgroup.txt' -o '/mnt/f/onedrive/文档（科研）/脚本/Download/18-phylogenetic/5-拆树PAML合树/output/intermediate/baseml_subtree_0065.rerooted.nwk' -t 4
2026-03-13 09:54:21,822 [INFO] Running command: conda run -n BigLin gotree prune -r -i '/mnt/f/onedrive/文档（科研）/脚本/Download/18-phylogenetic/5-拆树PAML合树/output/intermediate/rooted.tree' -f '/mnt/f/onedrive/文档（科研）/脚本/Download/18-phylogenetic/5-拆树PAML合树/output/intermediate/tmpc_sbsk_8.tips.txt' -o '/mnt/f/onedrive/文档（科研）/脚本/Download/18-phylogenetic/5-拆树PAML合树/output/intermediate/baseml_subtree_0066.pruned.nwk'
2026-03-13 09:54:23,420 [INFO] Running command: conda run -n BigLin gotree reroot outgroup --strict -i '/mnt/f/onedrive/文档（科研）/脚本/Download/18-phylogenetic/5-拆树PAML合树/output/intermediate/baseml_subtree_0066.pruned.nwk' -l '/mnt/f/onedrive/文档（科研）/脚本/Download/18-phylogenetic/5-拆树PAML合树/output/intermediate/tmp3r3irqgc.outgroup.txt' -o '/mnt/f/onedrive/文档（科研）/脚本/Download/18-phylogenetic/5-拆树PAML合树/output/intermediate/baseml_subtree_0066.rerooted.nwk' -t 4
2026-03-13 09:54:24,727 [INFO] Running command: conda run -n BigLin gotree prune -r -i '/mnt/f/onedrive/文档（科研）/脚本/Download/18-phylogenetic/5-拆树PAML合树/output/intermediate/rooted.tree' -f '/mnt/f/onedrive/文档（科研）/脚本/Download/18-phylogenetic/5-拆树PAML合树/output/intermediate/tmp0run3n18.tips.txt' -o '/mnt/f/onedrive/文档（科研）/脚本/Download/18-phylogenetic/5-拆树PAML合树/output/intermediate/baseml_subtree_0067.pruned.nwk'
2026-03-13 09:54:26,259 [INFO] Running command: conda run -n BigLin gotree reroot outgroup --strict -i '/mnt/f/onedrive/文档（科研）/脚本/Download/18-phylogenetic/5-拆树PAML合树/output/intermediate/baseml_subtree_0067.pruned.nwk' -l '/mnt/f/onedrive/文档（科研）/脚本/Download/18-phylogenetic/5-拆树PAML合树/output/intermediate/tmpwxbetee2.outgroup.txt' -o '/mnt/f/onedrive/文档（科研）/脚本/Download/18-phylogenetic/5-拆树PAML合树/output/intermediate/baseml_subtree_0067.rerooted.nwk' -t 4
2026-03-13 09:54:27,797 [INFO] Running command: conda run -n BigLin gotree prune -r -i '/mnt/f/onedrive/文档（科研）/脚本/Download/18-phylogenetic/5-拆树PAML合树/output/intermediate/rooted.tree' -f '/mnt/f/onedrive/文档（科研）/脚本/Download/18-phylogenetic/5-拆树PAML合树/output/intermediate/tmp8fnn78zk.tips.txt' -o '/mnt/f/onedrive/文档（科研）/脚本/Download/18-phylogenetic/5-拆树PAML合树/output/intermediate/baseml_subtree_0068.pruned.nwk'
2026-03-13 09:54:29,523 [INFO] Running command: conda run -n BigLin gotree reroot outgroup --strict -i '/mnt/f/onedrive/文档（科研）/脚本/Download/18-phylogenetic/5-拆树PAML合树/output/intermediate/baseml_subtree_0068.pruned.nwk' -l '/mnt/f/onedrive/文档（科研）/脚本/Download/18-phylogenetic/5-拆树PAML合树/output/intermediate/tmpgyp9sxks.outgroup.txt' -o '/mnt/f/onedrive/文档（科研）/脚本/Download/18-phylogenetic/5-拆树PAML合树/output/intermediate/baseml_subtree_0068.rerooted.nwk' -t 4
2026-03-13 09:54:31,047 [INFO] Running command: conda run -n BigLin gotree prune -r -i '/mnt/f/onedrive/文档（科研）/脚本/Download/18-phylogenetic/5-拆树PAML合树/output/intermediate/rooted.tree' -f '/mnt/f/onedrive/文档（科研）/脚本/Download/18-phylogenetic/5-拆树PAML合树/output/intermediate/tmpja_9pckv.tips.txt' -o '/mnt/f/onedrive/文档（科研）/脚本/Download/18-phylogenetic/5-拆树PAML合树/output/intermediate/baseml_subtree_0069.pruned.nwk'
2026-03-13 09:54:32,643 [INFO] Running command: conda run -n BigLin gotree reroot outgroup --strict -i '/mnt/f/onedrive/文档（科研）/脚本/Download/18-phylogenetic/5-拆树PAML合树/output/intermediate/baseml_subtree_0069.pruned.nwk' -l '/mnt/f/onedrive/文档（科研）/脚本/Download/18-phylogenetic/5-拆树PAML合树/output/intermediate/tmpakcv1hhb.outgroup.txt' -o '/mnt/f/onedrive/文档（科研）/脚本/Download/18-phylogenetic/5-拆树PAML合树/output/intermediate/baseml_subtree_0069.rerooted.nwk' -t 4
2026-03-13 09:54:33,926 [INFO] Running command: conda run -n BigLin gotree prune -r -i '/mnt/f/onedrive/文档（科研）/脚本/Download/18-phylogenetic/5-拆树PAML合树/output/intermediate/rooted.tree' -f '/mnt/f/onedrive/文档（科研）/脚本/Download/18-phylogenetic/5-拆树PAML合树/output/intermediate/tmp5y4c8cqn.tips.txt' -o '/mnt/f/onedrive/文档（科研）/脚本/Download/18-phylogenetic/5-拆树PAML合树/output/intermediate/baseml_subtree_0070.pruned.nwk'
2026-03-13 09:54:35,474 [INFO] Running command: conda run -n BigLin gotree reroot outgroup --strict -i '/mnt/f/onedrive/文档（科研）/脚本/Download/18-phylogenetic/5-拆树PAML合树/output/intermediate/baseml_subtree_0070.pruned.nwk' -l '/mnt/f/onedrive/文档（科研）/脚本/Download/18-phylogenetic/5-拆树PAML合树/output/intermediate/tmph3rxucij.outgroup.txt' -o '/mnt/f/onedrive/文档（科研）/脚本/Download/18-phylogenetic/5-拆树PAML合树/output/intermediate/baseml_subtree_0070.rerooted.nwk' -t 4
2026-03-13 09:54:36,836 [INFO] Running command: conda run -n BigLin gotree prune -r -i '/mnt/f/onedrive/文档（科研）/脚本/Download/18-phylogenetic/5-拆树PAML合树/output/intermediate/rooted.tree' -f '/mnt/f/onedrive/文档（科研）/脚本/Download/18-phylogenetic/5-拆树PAML合树/output/intermediate/tmpn1y1udz8.tips.txt' -o '/mnt/f/onedrive/文档（科研）/脚本/Download/18-phylogenetic/5-拆树PAML合树/output/intermediate/baseml_subtree_0071.pruned.nwk'
2026-03-13 09:54:38,522 [INFO] Running command: conda run -n BigLin gotree reroot outgroup --strict -i '/mnt/f/onedrive/文档（科研）/脚本/Download/18-phylogenetic/5-拆树PAML合树/output/intermediate/baseml_subtree_0071.pruned.nwk' -l '/mnt/f/onedrive/文档（科研）/脚本/Download/18-phylogenetic/5-拆树PAML合树/output/intermediate/tmpcuad0p2a.outgroup.txt' -o '/mnt/f/onedrive/文档（科研）/脚本/Download/18-phylogenetic/5-拆树PAML合树/output/intermediate/baseml_subtree_0071.rerooted.nwk' -t 4
2026-03-13 09:54:39,906 [INFO] Running command: conda run -n BigLin gotree prune -r -i '/mnt/f/onedrive/文档（科研）/脚本/Download/18-phylogenetic/5-拆树PAML合树/output/intermediate/rooted.tree' -f '/mnt/f/onedrive/文档（科研）/脚本/Download/18-phylogenetic/5-拆树PAML合树/output/intermediate/tmp2_azjqau.tips.txt' -o '/mnt/f/onedrive/文档（科研）/脚本/Download/18-phylogenetic/5-拆树PAML合树/output/intermediate/baseml_subtree_0072.pruned.nwk'
2026-03-13 09:54:41,395 [INFO] Running command: conda run -n BigLin gotree reroot outgroup --strict -i '/mnt/f/onedrive/文档（科研）/脚本/Download/18-phylogenetic/5-拆树PAML合树/output/intermediate/baseml_subtree_0072.pruned.nwk' -l '/mnt/f/onedrive/文档（科研）/脚本/Download/18-phylogenetic/5-拆树PAML合树/output/intermediate/tmpfnoiqfia.outgroup.txt' -o '/mnt/f/onedrive/文档（科研）/脚本/Download/18-phylogenetic/5-拆树PAML合树/output/intermediate/baseml_subtree_0072.rerooted.nwk' -t 4
2026-03-13 09:54:42,693 [INFO] Running command: conda run -n BigLin gotree prune -r -i '/mnt/f/onedrive/文档（科研）/脚本/Download/18-phylogenetic/5-拆树PAML合树/output/intermediate/rooted.tree' -f '/mnt/f/onedrive/文档（科研）/脚本/Download/18-phylogenetic/5-拆树PAML合树/output/intermediate/tmpepd1h3jp.tips.txt' -o '/mnt/f/onedrive/文档（科研）/脚本/Download/18-phylogenetic/5-拆树PAML合树/output/intermediate/baseml_subtree_0073.pruned.nwk'
2026-03-13 09:54:44,079 [INFO] Running command: conda run -n BigLin gotree reroot outgroup --strict -i '/mnt/f/onedrive/文档（科研）/脚本/Download/18-phylogenetic/5-拆树PAML合树/output/intermediate/baseml_subtree_0073.pruned.nwk' -l '/mnt/f/onedrive/文档（科研）/脚本/Download/18-phylogenetic/5-拆树PAML合树/output/intermediate/tmpe7bn68mv.outgroup.txt' -o '/mnt/f/onedrive/文档（科研）/脚本/Download/18-phylogenetic/5-拆树PAML合树/output/intermediate/baseml_subtree_0073.rerooted.nwk' -t 4
2026-03-13 09:54:45,430 [INFO] Running command: conda run -n BigLin gotree prune -r -i '/mnt/f/onedrive/文档（科研）/脚本/Download/18-phylogenetic/5-拆树PAML合树/output/intermediate/rooted.tree' -f '/mnt/f/onedrive/文档（科研）/脚本/Download/18-phylogenetic/5-拆树PAML合树/output/intermediate/tmpsyof7l6d.tips.txt' -o '/mnt/f/onedrive/文档（科研）/脚本/Download/18-phylogenetic/5-拆树PAML合树/output/intermediate/baseml_subtree_0074.pruned.nwk'
2026-03-13 09:54:47,194 [INFO] Running command: conda run -n BigLin gotree reroot outgroup --strict -i '/mnt/f/onedrive/文档（科研）/脚本/Download/18-phylogenetic/5-拆树PAML合树/output/intermediate/baseml_subtree_0074.pruned.nwk' -l '/mnt/f/onedrive/文档（科研）/脚本/Download/18-phylogenetic/5-拆树PAML合树/output/intermediate/tmpwf2uib02.outgroup.txt' -o '/mnt/f/onedrive/文档（科研）/脚本/Download/18-phylogenetic/5-拆树PAML合树/output/intermediate/baseml_subtree_0074.rerooted.nwk' -t 4
2026-03-13 09:54:48,648 [INFO] Running command: conda run -n BigLin gotree prune -r -i '/mnt/f/onedrive/文档（科研）/脚本/Download/18-phylogenetic/5-拆树PAML合树/output/intermediate/rooted.tree' -f '/mnt/f/onedrive/文档（科研）/脚本/Download/18-phylogenetic/5-拆树PAML合树/output/intermediate/tmpg82lngbo.tips.txt' -o '/mnt/f/onedrive/文档（科研）/脚本/Download/18-phylogenetic/5-拆树PAML合树/output/intermediate/baseml_subtree_0075.pruned.nwk'
2026-03-13 09:54:50,062 [INFO] Running command: conda run -n BigLin gotree reroot outgroup --strict -i '/mnt/f/onedrive/文档（科研）/脚本/Download/18-phylogenetic/5-拆树PAML合树/output/intermediate/baseml_subtree_0075.pruned.nwk' -l '/mnt/f/onedrive/文档（科研）/脚本/Download/18-phylogenetic/5-拆树PAML合树/output/intermediate/tmpb74_s5b7.outgroup.txt' -o '/mnt/f/onedrive/文档（科研）/脚本/Download/18-phylogenetic/5-拆树PAML合树/output/intermediate/baseml_subtree_0075.rerooted.nwk' -t 4
2026-03-13 09:54:51,315 [INFO] Running command: conda run -n BigLin gotree prune -r -i '/mnt/f/onedrive/文档（科研）/脚本/Download/18-phylogenetic/5-拆树PAML合树/output/intermediate/rooted.tree' -f '/mnt/f/onedrive/文档（科研）/脚本/Download/18-phylogenetic/5-拆树PAML合树/output/intermediate/tmpr958yw_4.tips.txt' -o '/mnt/f/onedrive/文档（科研）/脚本/Download/18-phylogenetic/5-拆树PAML合树/output/intermediate/baseml_subtree_0076.pruned.nwk'
2026-03-13 09:54:52,864 [INFO] Running command: conda run -n BigLin gotree reroot outgroup --strict -i '/mnt/f/onedrive/文档（科研）/脚本/Download/18-phylogenetic/5-拆树PAML合树/output/intermediate/baseml_subtree_0076.pruned.nwk' -l '/mnt/f/onedrive/文档（科研）/脚本/Download/18-phylogenetic/5-拆树PAML合树/output/intermediate/tmphds3tp5q.outgroup.txt' -o '/mnt/f/onedrive/文档（科研）/脚本/Download/18-phylogenetic/5-拆树PAML合树/output/intermediate/baseml_subtree_0076.rerooted.nwk' -t 4
2026-03-13 09:54:54,278 [INFO] Running command: conda run -n BigLin gotree prune -r -i '/mnt/f/onedrive/文档（科研）/脚本/Download/18-phylogenetic/5-拆树PAML合树/output/intermediate/rooted.tree' -f '/mnt/f/onedrive/文档（科研）/脚本/Download/18-phylogenetic/5-拆树PAML合树/output/intermediate/tmpn09iqnci.tips.txt' -o '/mnt/f/onedrive/文档（科研）/脚本/Download/18-phylogenetic/5-拆树PAML合树/output/intermediate/baseml_subtree_0077.pruned.nwk'
2026-03-13 09:54:55,700 [INFO] Running command: conda run -n BigLin gotree reroot outgroup --strict -i '/mnt/f/onedrive/文档（科研）/脚本/Download/18-phylogenetic/5-拆树PAML合树/output/intermediate/baseml_subtree_0077.pruned.nwk' -l '/mnt/f/onedrive/文档（科研）/脚本/Download/18-phylogenetic/5-拆树PAML合树/output/intermediate/tmpcwqora2d.outgroup.txt' -o '/mnt/f/onedrive/文档（科研）/脚本/Download/18-phylogenetic/5-拆树PAML合树/output/intermediate/baseml_subtree_0077.rerooted.nwk' -t 4
2026-03-13 09:54:57,212 [INFO] Running command: conda run -n BigLin gotree prune -r -i '/mnt/f/onedrive/文档（科研）/脚本/Download/18-phylogenetic/5-拆树PAML合树/output/intermediate/rooted.tree' -f '/mnt/f/onedrive/文档（科研）/脚本/Download/18-phylogenetic/5-拆树PAML合树/output/intermediate/tmp25g74697.tips.txt' -o '/mnt/f/onedrive/文档（科研）/脚本/Download/18-phylogenetic/5-拆树PAML合树/output/intermediate/baseml_subtree_0078.pruned.nwk'
2026-03-13 09:54:58,643 [INFO] Running command: conda run -n BigLin gotree reroot outgroup --strict -i '/mnt/f/onedrive/文档（科研）/脚本/Download/18-phylogenetic/5-拆树PAML合树/output/intermediate/baseml_subtree_0078.pruned.nwk' -l '/mnt/f/onedrive/文档（科研）/脚本/Download/18-phylogenetic/5-拆树PAML合树/output/intermediate/tmplhm1gcjg.outgroup.txt' -o '/mnt/f/onedrive/文档（科研）/脚本/Download/18-phylogenetic/5-拆树PAML合树/output/intermediate/baseml_subtree_0078.rerooted.nwk' -t 4
2026-03-13 09:55:00,266 [INFO] Running command: conda run -n BigLin gotree prune -r -i '/mnt/f/onedrive/文档（科研）/脚本/Download/18-phylogenetic/5-拆树PAML合树/output/intermediate/rooted.tree' -f '/mnt/f/onedrive/文档（科研）/脚本/Download/18-phylogenetic/5-拆树PAML合树/output/intermediate/tmps7ht5t8w.tips.txt' -o '/mnt/f/onedrive/文档（科研）/脚本/Download/18-phylogenetic/5-拆树PAML合树/output/intermediate/baseml_subtree_0079.pruned.nwk'
2026-03-13 09:55:01,699 [INFO] Running command: conda run -n BigLin gotree reroot outgroup --strict -i '/mnt/f/onedrive/文档（科研）/脚本/Download/18-phylogenetic/5-拆树PAML合树/output/intermediate/baseml_subtree_0079.pruned.nwk' -l '/mnt/f/onedrive/文档（科研）/脚本/Download/18-phylogenetic/5-拆树PAML合树/output/intermediate/tmpcq_cerg2.outgroup.txt' -o '/mnt/f/onedrive/文档（科研）/脚本/Download/18-phylogenetic/5-拆树PAML合树/output/intermediate/baseml_subtree_0079.rerooted.nwk' -t 4
2026-03-13 09:55:03,107 [INFO] Running command: conda run -n BigLin gotree prune -r -i '/mnt/f/onedrive/文档（科研）/脚本/Download/18-phylogenetic/5-拆树PAML合树/output/intermediate/rooted.tree' -f '/mnt/f/onedrive/文档（科研）/脚本/Download/18-phylogenetic/5-拆树PAML合树/output/intermediate/tmpt71jt749.tips.txt' -o '/mnt/f/onedrive/文档（科研）/脚本/Download/18-phylogenetic/5-拆树PAML合树/output/intermediate/baseml_subtree_0080.pruned.nwk'
2026-03-13 09:55:04,657 [INFO] Running command: conda run -n BigLin gotree reroot outgroup --strict -i '/mnt/f/onedrive/文档（科研）/脚本/Download/18-phylogenetic/5-拆树PAML合树/output/intermediate/baseml_subtree_0080.pruned.nwk' -l '/mnt/f/onedrive/文档（科研）/脚本/Download/18-phylogenetic/5-拆树PAML合树/output/intermediate/tmp3_kajccw.outgroup.txt' -o '/mnt/f/onedrive/文档（科研）/脚本/Download/18-phylogenetic/5-拆树PAML合树/output/intermediate/baseml_subtree_0080.rerooted.nwk' -t 4
2026-03-13 09:55:06,178 [INFO] Running command: conda run -n BigLin gotree prune -r -i '/mnt/f/onedrive/文档（科研）/脚本/Download/18-phylogenetic/5-拆树PAML合树/output/intermediate/rooted.tree' -f '/mnt/f/onedrive/文档（科研）/脚本/Download/18-phylogenetic/5-拆树PAML合树/output/intermediate/tmpqes6wg3f.tips.txt' -o '/mnt/f/onedrive/文档（科研）/脚本/Download/18-phylogenetic/5-拆树PAML合树/output/intermediate/baseml_subtree_0081.pruned.nwk'
2026-03-13 09:55:07,747 [INFO] Running command: conda run -n BigLin gotree reroot outgroup --strict -i '/mnt/f/onedrive/文档（科研）/脚本/Download/18-phylogenetic/5-拆树PAML合树/output/intermediate/baseml_subtree_0081.pruned.nwk' -l '/mnt/f/onedrive/文档（科研）/脚本/Download/18-phylogenetic/5-拆树PAML合树/output/intermediate/tmpvsy182ie.outgroup.txt' -o '/mnt/f/onedrive/文档（科研）/脚本/Download/18-phylogenetic/5-拆树PAML合树/output/intermediate/baseml_subtree_0081.rerooted.nwk' -t 4
2026-03-13 09:55:09,134 [INFO] Running command: conda run -n BigLin gotree prune -r -i '/mnt/f/onedrive/文档（科研）/脚本/Download/18-phylogenetic/5-拆树PAML合树/output/intermediate/rooted.tree' -f '/mnt/f/onedrive/文档（科研）/脚本/Download/18-phylogenetic/5-拆树PAML合树/output/intermediate/tmpbmkhqlmk.tips.txt' -o '/mnt/f/onedrive/文档（科研）/脚本/Download/18-phylogenetic/5-拆树PAML合树/output/intermediate/baseml_subtree_0082.pruned.nwk'
2026-03-13 09:55:10,523 [INFO] Running command: conda run -n BigLin gotree reroot outgroup --strict -i '/mnt/f/onedrive/文档（科研）/脚本/Download/18-phylogenetic/5-拆树PAML合树/output/intermediate/baseml_subtree_0082.pruned.nwk' -l '/mnt/f/onedrive/文档（科研）/脚本/Download/18-phylogenetic/5-拆树PAML合树/output/intermediate/tmpncf51fdi.outgroup.txt' -o '/mnt/f/onedrive/文档（科研）/脚本/Download/18-phylogenetic/5-拆树PAML合树/output/intermediate/baseml_subtree_0082.rerooted.nwk' -t 4
2026-03-13 09:55:11,954 [INFO] Running command: conda run -n BigLin gotree prune -r -i '/mnt/f/onedrive/文档（科研）/脚本/Download/18-phylogenetic/5-拆树PAML合树/output/intermediate/rooted.tree' -f '/mnt/f/onedrive/文档（科研）/脚本/Download/18-phylogenetic/5-拆树PAML合树/output/intermediate/tmpvz9826xi.tips.txt' -o '/mnt/f/onedrive/文档（科研）/脚本/Download/18-phylogenetic/5-拆树PAML合树/output/intermediate/baseml_subtree_0083.pruned.nwk'
2026-03-13 09:55:13,605 [INFO] Running command: conda run -n BigLin gotree reroot outgroup --strict -i '/mnt/f/onedrive/文档（科研）/脚本/Download/18-phylogenetic/5-拆树PAML合树/output/intermediate/baseml_subtree_0083.pruned.nwk' -l '/mnt/f/onedrive/文档（科研）/脚本/Download/18-phylogenetic/5-拆树PAML合树/output/intermediate/tmpvd095et0.outgroup.txt' -o '/mnt/f/onedrive/文档（科研）/脚本/Download/18-phylogenetic/5-拆树PAML合树/output/intermediate/baseml_subtree_0083.rerooted.nwk' -t 4
2026-03-13 09:55:14,742 [INFO] Running command: conda run -n BigLin gotree prune -r -i '/mnt/f/onedrive/文档（科研）/脚本/Download/18-phylogenetic/5-拆树PAML合树/output/intermediate/rooted.tree' -f '/mnt/f/onedrive/文档（科研）/脚本/Download/18-phylogenetic/5-拆树PAML合树/output/intermediate/tmp1i75s_gu.tips.txt' -o '/mnt/f/onedrive/文档（科研）/脚本/Download/18-phylogenetic/5-拆树PAML合树/output/intermediate/baseml_subtree_0084.pruned.nwk'
2026-03-13 09:55:16,222 [INFO] Running command: conda run -n BigLin gotree reroot outgroup --strict -i '/mnt/f/onedrive/文档（科研）/脚本/Download/18-phylogenetic/5-拆树PAML合树/output/intermediate/baseml_subtree_0084.pruned.nwk' -l '/mnt/f/onedrive/文档（科研）/脚本/Download/18-phylogenetic/5-拆树PAML合树/output/intermediate/tmpvtzfc7pl.outgroup.txt' -o '/mnt/f/onedrive/文档（科研）/脚本/Download/18-phylogenetic/5-拆树PAML合树/output/intermediate/baseml_subtree_0084.rerooted.nwk' -t 4
2026-03-13 09:55:17,708 [INFO] Running command: conda run -n BigLin gotree prune -r -i '/mnt/f/onedrive/文档（科研）/脚本/Download/18-phylogenetic/5-拆树PAML合树/output/intermediate/rooted.tree' -f '/mnt/f/onedrive/文档（科研）/脚本/Download/18-phylogenetic/5-拆树PAML合树/output/intermediate/tmp09r6eh4q.tips.txt' -o '/mnt/f/onedrive/文档（科研）/脚本/Download/18-phylogenetic/5-拆树PAML合树/output/intermediate/baseml_subtree_0085.pruned.nwk'
2026-03-13 09:55:19,072 [INFO] Running command: conda run -n BigLin gotree reroot outgroup --strict -i '/mnt/f/onedrive/文档（科研）/脚本/Download/18-phylogenetic/5-拆树PAML合树/output/intermediate/baseml_subtree_0085.pruned.nwk' -l '/mnt/f/onedrive/文档（科研）/脚本/Download/18-phylogenetic/5-拆树PAML合树/output/intermediate/tmpbq7q9y34.outgroup.txt' -o '/mnt/f/onedrive/文档（科研）/脚本/Download/18-phylogenetic/5-拆树PAML合树/output/intermediate/baseml_subtree_0085.rerooted.nwk' -t 4
2026-03-13 09:55:20,551 [INFO] Running command: conda run -n BigLin gotree prune -r -i '/mnt/f/onedrive/文档（科研）/脚本/Download/18-phylogenetic/5-拆树PAML合树/output/intermediate/rooted.tree' -f '/mnt/f/onedrive/文档（科研）/脚本/Download/18-phylogenetic/5-拆树PAML合树/output/intermediate/tmpfe9t1l03.tips.txt' -o '/mnt/f/onedrive/文档（科研）/脚本/Download/18-phylogenetic/5-拆树PAML合树/output/intermediate/baseml_subtree_0086.pruned.nwk'
2026-03-13 09:55:22,103 [INFO] Running command: conda run -n BigLin gotree reroot outgroup --strict -i '/mnt/f/onedrive/文档（科研）/脚本/Download/18-phylogenetic/5-拆树PAML合树/output/intermediate/baseml_subtree_0086.pruned.nwk' -l '/mnt/f/onedrive/文档（科研）/脚本/Download/18-phylogenetic/5-拆树PAML合树/output/intermediate/tmp_u4je5gj.outgroup.txt' -o '/mnt/f/onedrive/文档（科研）/脚本/Download/18-phylogenetic/5-拆树PAML合树/output/intermediate/baseml_subtree_0086.rerooted.nwk' -t 4
2026-03-13 09:55:23,553 [INFO] Running command: conda run -n BigLin gotree prune -r -i '/mnt/f/onedrive/文档（科研）/脚本/Download/18-phylogenetic/5-拆树PAML合树/output/intermediate/rooted.tree' -f '/mnt/f/onedrive/文档（科研）/脚本/Download/18-phylogenetic/5-拆树PAML合树/output/intermediate/tmpvw6vy7wk.tips.txt' -o '/mnt/f/onedrive/文档（科研）/脚本/Download/18-phylogenetic/5-拆树PAML合树/output/intermediate/baseml_subtree_0087.pruned.nwk'
2026-03-13 09:55:25,179 [INFO] Running command: conda run -n BigLin gotree reroot outgroup --strict -i '/mnt/f/onedrive/文档（科研）/脚本/Download/18-phylogenetic/5-拆树PAML合树/output/intermediate/baseml_subtree_0087.pruned.nwk' -l '/mnt/f/onedrive/文档（科研）/脚本/Download/18-phylogenetic/5-拆树PAML合树/output/intermediate/tmpt7k4jdc7.outgroup.txt' -o '/mnt/f/onedrive/文档（科研）/脚本/Download/18-phylogenetic/5-拆树PAML合树/output/intermediate/baseml_subtree_0087.rerooted.nwk' -t 4
2026-03-13 09:55:26,590 [INFO] Running command: conda run -n BigLin gotree prune -r -i '/mnt/f/onedrive/文档（科研）/脚本/Download/18-phylogenetic/5-拆树PAML合树/output/intermediate/rooted.tree' -f '/mnt/f/onedrive/文档（科研）/脚本/Download/18-phylogenetic/5-拆树PAML合树/output/intermediate/tmpfk_hfkg7.tips.txt' -o '/mnt/f/onedrive/文档（科研）/脚本/Download/18-phylogenetic/5-拆树PAML合树/output/intermediate/baseml_subtree_0088.pruned.nwk'
2026-03-13 09:55:27,973 [INFO] Running command: conda run -n BigLin gotree reroot outgroup --strict -i '/mnt/f/onedrive/文档（科研）/脚本/Download/18-phylogenetic/5-拆树PAML合树/output/intermediate/baseml_subtree_0088.pruned.nwk' -l '/mnt/f/onedrive/文档（科研）/脚本/Download/18-phylogenetic/5-拆树PAML合树/output/intermediate/tmpnwa_w2na.outgroup.txt' -o '/mnt/f/onedrive/文档（科研）/脚本/Download/18-phylogenetic/5-拆树PAML合树/output/intermediate/baseml_subtree_0088.rerooted.nwk' -t 4
2026-03-13 09:55:30,396 [INFO] Constructed 88 core subtrees and 88 baseml subtrees.
2026-03-13 09:55:30,396 [INFO] Split pipeline completed successfully.
