[12:54:09] ==========================================
[12:54:09] Stage 3 文献年龄比较 pipeline 启动
[12:54:09] BASE_DIR:           /mnt/f/OneDrive/文档（科研）/脚本/Download/18-phylogenetic/1-rho方法
[12:54:09] DOWNLOAD_DIR:       /mnt/f/OneDrive/文档（科研）/脚本/Download/18-phylogenetic/1-rho方法/download
[12:54:09] PROJECT_COMPARISON: /mnt/f/OneDrive/文档（科研）/脚本/Download/18-phylogenetic/1-rho方法/output/stage_2/results/ml_vs_rho_comparison.tsv
[12:54:09] RESULTS:            /mnt/f/OneDrive/文档（科研）/脚本/Download/18-phylogenetic/1-rho方法/output/stage_3_compare/results
[12:54:09] REPORT:             /mnt/f/OneDrive/文档（科研）/脚本/Download/18-phylogenetic/1-rho方法/report/文献与本项目单倍群年龄比较报告.md
[12:54:09] ==========================================
[12:54:09] [Step 11] 解析文献年龄，比较本项目 ρ/ML 年龄，并生成中文报告...
[12:54:11] [Step 11] 完成
[12:54:11] ==========================================
[12:54:11] Stage 3 比较完成！
[12:54:11] 主要结果文件：
[12:54:11]   文献统一表:     /mnt/f/OneDrive/文档（科研）/脚本/Download/18-phylogenetic/1-rho方法/output/stage_3_compare/results/literature_age_normalized.tsv
[12:54:11]   逐条比较表:     /mnt/f/OneDrive/文档（科研）/脚本/Download/18-phylogenetic/1-rho方法/output/stage_3_compare/results/literature_vs_project_comparison.tsv
[12:54:11]   汇总统计表:     /mnt/f/OneDrive/文档（科研）/脚本/Download/18-phylogenetic/1-rho方法/output/stage_3_compare/results/literature_vs_project_summary.tsv
[12:54:11]   未匹配记录:     /mnt/f/OneDrive/文档（科研）/脚本/Download/18-phylogenetic/1-rho方法/output/stage_3_compare/results/literature_unmatched.tsv
[12:54:11]   最大差异记录:   /mnt/f/OneDrive/文档（科研）/脚本/Download/18-phylogenetic/1-rho方法/output/stage_3_compare/results/top_literature_project_differences.tsv
[12:54:11]   中文报告:       /mnt/f/OneDrive/文档（科研）/脚本/Download/18-phylogenetic/1-rho方法/report/文献与本项目单倍群年龄比较报告.md
[12:54:11] ==========================================
