2026-06-19 12:51:16,976 INFO 单子节点总数：12615
2026-06-19 12:51:19,401 INFO 校准锚点：3217 个（n ≥ 10 + 根节点）
2026-06-19 12:51:19,693 INFO 树已重新定根（外群=L0，根=mt-MRCA_RSRS）
2026-06-19 12:51:19,721 INFO 树节点总数（重定根后）：41093（叶 31323，内部 9770）
2026-06-19 12:51:20,178 INFO ML 树节点年龄计算完成：41093 个
2026-06-19 12:51:20,191 INFO 单子节点处理：12615 / 12615
2026-06-19 12:51:20,501 INFO ML dating 写出：/mnt/f/OneDrive/文档（科研）/脚本/Download/18-phylogenetic/1-rho方法/output/stage_2/results/ml_dating.tsv（53708 行）
2026-06-19 12:51:20,503 INFO 校准方法分布：
calibration_method
rho_fallback_no_desc          35313
single_child_interpolation    12615
ancestor_only                  3319
rho_direct                     2460
root_calibration                  1
2026-06-19 12:51:20,712 INFO 比较表写出：/mnt/f/OneDrive/文档（科研）/脚本/Download/18-phylogenetic/1-rho方法/output/stage_2/results/ml_vs_rho_comparison.tsv（57027 行）
2026-06-19 12:51:20,712 INFO ── 关键节点验证 ──
2026-06-19 12:51:20,713 INFO   mt-MRCA(RSRS)              rho= 171.4 kya  ML= 172.9 kya  diff=+1.5 kya  n=48816    方法=root_calibration
2026-06-19 12:51:20,715 INFO   L3                         rho=  67.1 kya  ML=  67.1 kya  diff=+0.0 kya  n=46964    方法=rho_direct
2026-06-19 12:51:20,716 INFO   M                          rho=  50.3 kya  ML=  50.3 kya  diff=+0.0 kya  n=20359    方法=rho_direct
2026-06-19 12:51:20,718 INFO   N                          rho=  58.9 kya  ML=  58.9 kya  diff=+0.0 kya  n=25246    方法=rho_direct
2026-06-19 12:51:20,719 INFO   R                          rho=  51.0 kya  ML=  51.0 kya  diff=+0.0 kya  n=20292    方法=rho_direct
2026-06-19 12:51:20,721 INFO   H                          rho=  16.3 kya  ML=  16.3 kya  diff=+0.0 kya  n=2773     方法=rho_direct
2026-06-19 12:51:20,722 INFO   D4                         rho=  24.6 kya  ML=  24.6 kya  diff=+0.0 kya  n=5190     方法=rho_direct
2026-06-19 12:51:20,723 INFO   U                          rho=  50.6 kya  ML=  50.6 kya  diff=+0.0 kya  n=2801     方法=rho_direct
