A	2026-06-02T17:22:55.274072+08:00
B	2026-06-02T17:22:55.277820+08:00
C	2026-06-02T17:22:55.281335+08:00
D	2026-06-02T17:22:55.284381+08:00
E	2026-06-02T17:22:55.287952+08:00
F	2026-06-02T17:22:55.290364+08:00
G	2026-06-02T17:22:55.292710+08:00
H	2026-06-02T17:22:55.294971+08:00
I	2026-06-02T17:22:55.297561+08:00
J	2026-06-02T17:22:55.299888+08:00
K	2026-06-02T17:22:55.302114+08:00
L	2026-06-02T17:22:55.304346+08:00
M	2026-06-02T17:22:55.306694+08:00
N	2026-06-02T17:22:55.308846+08:00
P	2026-06-02T17:22:55.310915+08:00
Q	2026-06-02T17:22:55.313091+08:00
R	2026-06-02T17:22:55.315193+08:00
T	2026-06-02T17:22:55.317730+08:00
U	2026-06-02T17:22:55.320026+08:00
V	2026-06-02T17:22:55.322295+08:00
W	2026-06-02T17:22:55.324420+08:00
X	2026-06-02T17:22:55.327078+08:00
Y	2026-06-02T17:22:55.329204+08:00
Z	2026-06-02T17:22:55.331366+08:00
