── Attaching core tidyverse packages ──────────────────────── tidyverse 2.0.0 ──
✔ dplyr     1.2.1     ✔ readr     2.2.0
✔ forcats   1.0.1     ✔ stringr   1.6.0
✔ ggplot2   4.0.3     ✔ tibble    3.3.1
✔ lubridate 1.9.5     ✔ tidyr     1.3.2
✔ purrr     1.2.2     
── Conflicts ────────────────────────────────────────── tidyverse_conflicts() ──
✖ dplyr::filter() masks stats::filter()
✖ dplyr::lag()    masks stats::lag()
ℹ Use the conflicted package (<http://conflicted.r-lib.org/>) to force all conflicts to become errors

Attaching package: ‘scales’

The following object is masked from ‘package:purrr’:

    discard

The following object is masked from ‘package:readr’:

    col_factor

Registered S3 method overwritten by 'bit64':
  method          from 
  print.bitstring tools
⭐4-1-Corridor-and-key-regions                      (230 x 95 mm)
⭐4-2-Corridor-NCS                                  (230 x 95 mm)
⭐4-3-Sichuan-geographic-regions                    (230 x 95 mm)
⭐4-4-Elevation-group                               (230 x 95 mm)
⭐4-5-Language                                      (290 x 125 mm)
⭐4-composite-All-groupings                         (290 x 603 mm)
